Archive member included because of file (symbol)

c:/codesourcery/sourcery_codebench_lite_for_arm_eabi/bin/../lib/gcc/arm-none-eabi/4.7.2/../../../../arm-none-eabi/lib/thumb2\libc.a(lib_a-atoi.o)
                              ./Debug/CLI-commands.o (atoi)
c:/codesourcery/sourcery_codebench_lite_for_arm_eabi/bin/../lib/gcc/arm-none-eabi/4.7.2/../../../../arm-none-eabi/lib/thumb2\libc.a(lib_a-malloc.o)
                              ./Debug/LcdTask.o (malloc)
c:/codesourcery/sourcery_codebench_lite_for_arm_eabi/bin/../lib/gcc/arm-none-eabi/4.7.2/../../../../arm-none-eabi/lib/thumb2\libc.a(lib_a-mallocr.o)
                              c:/codesourcery/sourcery_codebench_lite_for_arm_eabi/bin/../lib/gcc/arm-none-eabi/4.7.2/../../../../arm-none-eabi/lib/thumb2\libc.a(lib_a-malloc.o) (_malloc_r)
c:/codesourcery/sourcery_codebench_lite_for_arm_eabi/bin/../lib/gcc/arm-none-eabi/4.7.2/../../../../arm-none-eabi/lib/thumb2\libc.a(lib_a-memcmp.o)
                              ./Debug/tasks.o (memcmp)
c:/codesourcery/sourcery_codebench_lite_for_arm_eabi/bin/../lib/gcc/arm-none-eabi/4.7.2/../../../../arm-none-eabi/lib/thumb2\libc.a(lib_a-memcpy.o)
                              ./Debug/queue.o (memcpy)
c:/codesourcery/sourcery_codebench_lite_for_arm_eabi/bin/../lib/gcc/arm-none-eabi/4.7.2/../../../../arm-none-eabi/lib/thumb2\libc.a(lib_a-memset.o)
                              ./Debug/tasks.o (memset)
c:/codesourcery/sourcery_codebench_lite_for_arm_eabi/bin/../lib/gcc/arm-none-eabi/4.7.2/../../../../arm-none-eabi/lib/thumb2\libc.a(lib_a-mlock.o)
                              c:/codesourcery/sourcery_codebench_lite_for_arm_eabi/bin/../lib/gcc/arm-none-eabi/4.7.2/../../../../arm-none-eabi/lib/thumb2\libc.a(lib_a-mallocr.o) (__malloc_lock)
c:/codesourcery/sourcery_codebench_lite_for_arm_eabi/bin/../lib/gcc/arm-none-eabi/4.7.2/../../../../arm-none-eabi/lib/thumb2\libc.a(lib_a-reent.o)
                              ./Debug/printf-stdarg.o (errno)
c:/codesourcery/sourcery_codebench_lite_for_arm_eabi/bin/../lib/gcc/arm-none-eabi/4.7.2/../../../../arm-none-eabi/lib/thumb2\libc.a(lib_a-sbrkr.o)
                              c:/codesourcery/sourcery_codebench_lite_for_arm_eabi/bin/../lib/gcc/arm-none-eabi/4.7.2/../../../../arm-none-eabi/lib/thumb2\libc.a(lib_a-mallocr.o) (_sbrk_r)
c:/codesourcery/sourcery_codebench_lite_for_arm_eabi/bin/../lib/gcc/arm-none-eabi/4.7.2/../../../../arm-none-eabi/lib/thumb2\libc.a(lib_a-strcat.o)
                              ./Debug/tasks.o (strcat)
c:/codesourcery/sourcery_codebench_lite_for_arm_eabi/bin/../lib/gcc/arm-none-eabi/4.7.2/../../../../arm-none-eabi/lib/thumb2\libc.a(lib_a-strchr.o)
                              ./Debug/CLI-commands.o (strchr)
c:/codesourcery/sourcery_codebench_lite_for_arm_eabi/bin/../lib/gcc/arm-none-eabi/4.7.2/../../../../arm-none-eabi/lib/thumb2\libc.a(lib_a-strcmp.o)
                              ./Debug/FreeRTOS_DriverInterface.o (strcmp)
c:/codesourcery/sourcery_codebench_lite_for_arm_eabi/bin/../lib/gcc/arm-none-eabi/4.7.2/../../../../arm-none-eabi/lib/thumb2\libc.a(lib_a-strcpy.o)
                              ./Debug/CLI-commands.o (strcpy)
c:/codesourcery/sourcery_codebench_lite_for_arm_eabi/bin/../lib/gcc/arm-none-eabi/4.7.2/../../../../arm-none-eabi/lib/thumb2\libc.a(lib_a-strlen.o)
                              ./Debug/tasks.o (strlen)
c:/codesourcery/sourcery_codebench_lite_for_arm_eabi/bin/../lib/gcc/arm-none-eabi/4.7.2/../../../../arm-none-eabi/lib/thumb2\libc.a(lib_a-strncmp.o)
                              ./Debug/FreeRTOS_CLI.o (strncmp)
c:/codesourcery/sourcery_codebench_lite_for_arm_eabi/bin/../lib/gcc/arm-none-eabi/4.7.2/../../../../arm-none-eabi/lib/thumb2\libc.a(lib_a-strncpy.o)
                              ./Debug/tasks.o (strncpy)
c:/codesourcery/sourcery_codebench_lite_for_arm_eabi/bin/../lib/gcc/arm-none-eabi/4.7.2/../../../../arm-none-eabi/lib/thumb2\libc.a(lib_a-strrchr.o)
                              ./Debug/CLI-commands.o (strrchr)
c:/codesourcery/sourcery_codebench_lite_for_arm_eabi/bin/../lib/gcc/arm-none-eabi/4.7.2/../../../../arm-none-eabi/lib/thumb2\libc.a(lib_a-strtol.o)
                              c:/codesourcery/sourcery_codebench_lite_for_arm_eabi/bin/../lib/gcc/arm-none-eabi/4.7.2/../../../../arm-none-eabi/lib/thumb2\libc.a(lib_a-atoi.o) (_strtol_r)
c:/codesourcery/sourcery_codebench_lite_for_arm_eabi/bin/../lib/gcc/arm-none-eabi/4.7.2/../../../../arm-none-eabi/lib/thumb2\libc.a(lib_a-strtoul.o)
                              ./Debug/CLI-commands.o (strtoul)
c:/codesourcery/sourcery_codebench_lite_for_arm_eabi/bin/../lib/gcc/arm-none-eabi/4.7.2/../../../../arm-none-eabi/lib/thumb2\libc.a(lib_a-ctype_.o)
                              c:/codesourcery/sourcery_codebench_lite_for_arm_eabi/bin/../lib/gcc/arm-none-eabi/4.7.2/../../../../arm-none-eabi/lib/thumb2\libc.a(lib_a-strtol.o) (__ctype_ptr__)
[...]
Memory Configuration

Name             Origin             Length             Attributes
FLASH            0x08000000         0x00080000         xr
SRAM             0x20000000         0x00010000         xrw
*default*        0x00000000         0xffffffff

Linker script and memory map

LOAD ./Debug/main.o
LOAD ./Debug/stm32f10x_it.o
LOAD ./Debug/printf-stdarg.o
LOAD ./Debug/ParTest.o
LOAD ./Debug/delay_us.o
LOAD ./Debug/core_cm3.o
LOAD ./Debug/system_stm32f10x.o
LOAD ./Debug/misc.o
LOAD ./Debug/stm32f10x_rcc.o
LOAD ./Debug/stm32f10x_gpio.o
LOAD ./Debug/stm32f10x_spi.o
LOAD ./Debug/stm32f10x_tim.o
LOAD ./Debug/stm32f10x_usart.o
LOAD ./Debug/stm32f10x_fsmc.o
LOAD ./Debug/stm32f10x_flash.o
LOAD ./Debug/stm32f10x_exti.o
LOAD ./Debug/stm32f10x_dma.o
LOAD ./Debug/stm32f10x_sdio.o
LOAD ./Debug/stm32f10x_adc.o
LOAD ./Debug/stm32f10x_rtc.o
LOAD ./Debug/stm32f10x_pwr.o
LOAD ./Debug/stm32f10x_bkp.o
LOAD ./Debug/flash.o
LOAD ./Debug/list.o
LOAD ./Debug/queue.o
LOAD ./Debug/tasks.o
LOAD ./Debug/timers.o
LOAD ./Debug/port.o
LOAD ./Debug/heap_2.o
LOAD ./Debug/FreeRTOS_stm32f10x_DriverInterface.o
LOAD ./Debug/FreeRTOS_stm32f10x_usart.o
LOAD ./Debug/FreeRTOS_DriverInterface.o
LOAD ./Debug/FreeRTOS_IOUtils.o
LOAD ./Debug/IOUtils_CharQueueTxAndRx.o
LOAD ./Debug/IOUtils_CircularBufferRx.o
LOAD ./Debug/FreeRTOS_CLI.o
LOAD ./Debug/lcd.o
LOAD ./Debug/LcdTask.o
LOAD ./Debug/CLI-commands.o
LOAD ./Debug/console.o
LOAD ./Debug/nand_flash.o
LOAD ./Debug/nor_flash.o
LOAD ./Debug/FSMC_config.o
LOAD ./Debug/touch_driver.o
LOAD ./Debug/TouchTask.o
LOAD ./Debug/diskio.o
LOAD ./Debug/ff.o
LOAD ./Debug/stm32_sdio_sd.o
LOAD ./Debug/stm32_sdio_low_level.o
LOAD ./Debug/ADC_Task.o
LOAD ./Debug/RTC_Task.o
LOAD ./Debug/startup_stm32f10x.o
START GROUP
LOAD c:/codesourcery/sourcery_codebench_lite_for_arm_eabi/bin/../lib/gcc/arm-none-eabi/4.7.2/thumb2\libgcc.a
LOAD c:/codesourcery/sourcery_codebench_lite_for_arm_eabi/bin/../lib/gcc/arm-none-eabi/4.7.2/../../../../arm-none-eabi/lib/thumb2\libc.a
END GROUP

.text           0x08000000    0x25688
 *(.isr_vector)
 .isr_vector    0x08000000      0x1e0 ./Debug/startup_stm32f10x.o
                0x08000000                g_pfnVectors
 *(.text .text.* .gnu.linkonce.t.*)
 .text          0x080001e0        0x0 ./Debug/main.o
 .text.__enable_irq
                0x080001e0        0xc ./Debug/main.o
 .text.__disable_irq
                0x080001ec        0xc ./Debug/main.o
 .text.__enable_fault_irq
                0x080001f8        0xc ./Debug/main.o
 .text.__disable_fault_irq
                0x08000204        0xc ./Debug/main.o
 .text.__NOP    0x08000210        0xc ./Debug/main.o
 .text.__WFI    0x0800021c        0xc ./Debug/main.o
 .text.__WFE    0x08000228        0xc ./Debug/main.o
 .text.__SEV    0x08000234        0xc ./Debug/main.o
 .text.__ISB    0x08000240       0x10 ./Debug/main.o
 .text.__DSB    0x08000250       0x10 ./Debug/main.o
 .text.__DMB    0x08000260       0x10 ./Debug/main.o
 .text.__CLREX  0x08000270       0x10 ./Debug/main.o
 .text.NVIC_SetPriorityGrouping
                0x08000280       0x48 ./Debug/main.o
 .text.NVIC_GetPriorityGrouping
                0x080002c8       0x1c ./Debug/main.o
 .text.NVIC_EnableIRQ
                0x080002e4       0x34 ./Debug/main.o
 .text.NVIC_DisableIRQ
                0x08000318       0x38 ./Debug/main.o
 .text.NVIC_GetPendingIRQ
                0x08000350       0x4c ./Debug/main.o
 .text.NVIC_SetPendingIRQ
                0x0800039c       0x38 ./Debug/main.o
 .text.NVIC_ClearPendingIRQ
                0x080003d4       0x38 ./Debug/main.o
 .text.NVIC_GetActive
                0x0800040c       0x4c ./Debug/main.o
 .text.NVIC_SetPriority
                0x08000458       0x58 ./Debug/main.o
 .text.NVIC_GetPriority
                0x080004b0       0x54 ./Debug/main.o
 .text.NVIC_EncodePriority
                0x08000504       0x78 ./Debug/main.o
 .text.NVIC_DecodePriority
                0x0800057c       0x7c ./Debug/main.o
 .text.SysTick_Config
                0x080005f8       0x54 ./Debug/main.o
 .text.NVIC_SystemReset
                0x0800064c       0x24 ./Debug/main.o
 .text.ITM_SendChar
                0x08000670       0x5c ./Debug/main.o
 .text.ITM_ReceiveChar
                0x080006cc       0x38 ./Debug/main.o
 .text.ITM_CheckChar
                0x08000704       0x28 ./Debug/main.o
 .text.main     0x0800072c       0x50 ./Debug/main.o
                0x0800072c                main
 .text.prvSetupHardware
                0x0800077c       0x34 ./Debug/main.o
 .text.InterruptsSetup
                0x080007b0       0xf8 ./Debug/main.o
 .text.vApplicationStackOverflowHook
                0x080008a8        0xc ./Debug/main.o
                0x080008a8                vApplicationStackOverflowHook
 .text.vMainConfigureTimerForRunTimeStats
                0x080008b4       0x18 ./Debug/main.o
                0x080008b4                vMainConfigureTimerForRunTimeStats
 .text.ulMainGetRunTimeCounterValue
                0x080008cc       0x84 ./Debug/main.o
                0x080008cc                ulMainGetRunTimeCounterValue
 .text          0x08000950        0x0 ./Debug/stm32f10x_it.o
 .text.__enable_irq
                0x08000950        0xc ./Debug/stm32f10x_it.o
 .text.__disable_irq
                0x0800095c        0xc ./Debug/stm32f10x_it.o
 .text.__enable_fault_irq
                0x08000968        0xc ./Debug/stm32f10x_it.o
 .text.__disable_fault_irq
                0x08000974        0xc ./Debug/stm32f10x_it.o
 .text.__NOP    0x08000980        0xc ./Debug/stm32f10x_it.o
 .text.__WFI    0x0800098c        0xc ./Debug/stm32f10x_it.o
 .text.__WFE    0x08000998        0xc ./Debug/stm32f10x_it.o
 .text.__SEV    0x080009a4        0xc ./Debug/stm32f10x_it.o
 .text.__ISB    0x080009b0       0x10 ./Debug/stm32f10x_it.o
 .text.__DSB    0x080009c0       0x10 ./Debug/stm32f10x_it.o
 .text.__DMB    0x080009d0       0x10 ./Debug/stm32f10x_it.o
 .text.__CLREX  0x080009e0       0x10 ./Debug/stm32f10x_it.o
 .text.NVIC_SetPriorityGrouping
                0x080009f0       0x48 ./Debug/stm32f10x_it.o
 .text.NVIC_GetPriorityGrouping
                0x08000a38       0x1c ./Debug/stm32f10x_it.o
 .text.NVIC_EnableIRQ
                0x08000a54       0x34 ./Debug/stm32f10x_it.o
 .text.NVIC_DisableIRQ
                0x08000a88       0x38 ./Debug/stm32f10x_it.o
 .text.NVIC_GetPendingIRQ
                0x08000ac0       0x4c ./Debug/stm32f10x_it.o
 .text.NVIC_SetPendingIRQ
                0x08000b0c       0x38 ./Debug/stm32f10x_it.o
 .text.NVIC_ClearPendingIRQ
                0x08000b44       0x38 ./Debug/stm32f10x_it.o
 .text.NVIC_GetActive
                0x08000b7c       0x4c ./Debug/stm32f10x_it.o
 .text.NVIC_SetPriority
                0x08000bc8       0x58 ./Debug/stm32f10x_it.o
 .text.NVIC_GetPriority
                0x08000c20       0x54 ./Debug/stm32f10x_it.o
 .text.NVIC_EncodePriority
                0x08000c74       0x78 ./Debug/stm32f10x_it.o
 .text.NVIC_DecodePriority
                0x08000cec       0x7c ./Debug/stm32f10x_it.o
 .text.SysTick_Config
                0x08000d68       0x54 ./Debug/stm32f10x_it.o
 .text.NVIC_SystemReset
                0x08000dbc       0x24 ./Debug/stm32f10x_it.o
 .text.ITM_SendChar
                0x08000de0       0x5c ./Debug/stm32f10x_it.o
 .text.ITM_ReceiveChar
                0x08000e3c       0x38 ./Debug/stm32f10x_it.o
 .text.ITM_CheckChar
                0x08000e74       0x28 ./Debug/stm32f10x_it.o
 .text.NMI_Handler
                0x08000e9c        0xc ./Debug/stm32f10x_it.o
                0x08000e9c                NMI_Handler
 .text.HardFault_Handler
                0x08000ea8        0x8 ./Debug/stm32f10x_it.o
                0x08000ea8                HardFault_Handler
 .text.MemManage_Handler
                0x08000eb0        0x8 ./Debug/stm32f10x_it.o
                0x08000eb0                MemManage_Handler
 .text.BusFault_Handler
                0x08000eb8        0x8 ./Debug/stm32f10x_it.o
                0x08000eb8                BusFault_Handler
 .text.UsageFault_Handler
                0x08000ec0        0x8 ./Debug/stm32f10x_it.o
                0x08000ec0                UsageFault_Handler
 .text.DebugMon_Handler
                0x08000ec8        0xc ./Debug/stm32f10x_it.o
                0x08000ec8                DebugMon_Handler
 .text.EXTI9_5_IRQHandler
                0x08000ed4       0x7c ./Debug/stm32f10x_it.o
                0x08000ed4                EXTI9_5_IRQHandler
 .text.RTC_IRQHandler
                0x08000f50       0x34 ./Debug/stm32f10x_it.o
                0x08000f50                RTC_IRQHandler
 .text          0x08000f84        0x0 ./Debug/printf-stdarg.o
 .text.__enable_irq
                0x08000f84        0xc ./Debug/printf-stdarg.o
 .text.__disable_irq
                0x08000f90        0xc ./Debug/printf-stdarg.o
 .text.__enable_fault_irq
                0x08000f9c        0xc ./Debug/printf-stdarg.o
 .text.__disable_fault_irq
                0x08000fa8        0xc ./Debug/printf-stdarg.o
 .text.__NOP    0x08000fb4        0xc ./Debug/printf-stdarg.o
 .text.__WFI    0x08000fc0        0xc ./Debug/printf-stdarg.o
 .text.__WFE    0x08000fcc        0xc ./Debug/printf-stdarg.o
 .text.__SEV    0x08000fd8        0xc ./Debug/printf-stdarg.o
 .text.__ISB    0x08000fe4       0x10 ./Debug/printf-stdarg.o
 .text.__DSB    0x08000ff4       0x10 ./Debug/printf-stdarg.o
 .text.__DMB    0x08001004       0x10 ./Debug/printf-stdarg.o
 .text.__CLREX  0x08001014       0x10 ./Debug/printf-stdarg.o
 .text.NVIC_SetPriorityGrouping
                0x08001024       0x48 ./Debug/printf-stdarg.o
 .text.NVIC_GetPriorityGrouping
                0x0800106c       0x1c ./Debug/printf-stdarg.o
 .text.NVIC_EnableIRQ
                0x08001088       0x34 ./Debug/printf-stdarg.o
 .text.NVIC_DisableIRQ
                0x080010bc       0x38 ./Debug/printf-stdarg.o
 .text.NVIC_GetPendingIRQ
                0x080010f4       0x4c ./Debug/printf-stdarg.o
 .text.NVIC_SetPendingIRQ
                0x08001140       0x38 ./Debug/printf-stdarg.o
 .text.NVIC_ClearPendingIRQ
                0x08001178       0x38 ./Debug/printf-stdarg.o
 .text.NVIC_GetActive
                0x080011b0       0x4c ./Debug/printf-stdarg.o
 .text.NVIC_SetPriority
                0x080011fc       0x58 ./Debug/printf-stdarg.o
 .text.NVIC_GetPriority
                0x08001254       0x54 ./Debug/printf-stdarg.o
 .text.NVIC_EncodePriority
                0x080012a8       0x78 ./Debug/printf-stdarg.o
 .text.NVIC_DecodePriority
                0x08001320       0x7c ./Debug/printf-stdarg.o
 .text.SysTick_Config
                0x0800139c       0x54 ./Debug/printf-stdarg.o
 .text.NVIC_SystemReset
                0x080013f0       0x24 ./Debug/printf-stdarg.o
 .text.ITM_SendChar
                0x08001414       0x5c ./Debug/printf-stdarg.o
 .text.ITM_ReceiveChar
                0x08001470       0x38 ./Debug/printf-stdarg.o
 .text.ITM_CheckChar
                0x080014a8       0x28 ./Debug/printf-stdarg.o
 .text._sbrk    0x080014d0       0x68 ./Debug/printf-stdarg.o
                0x080014d0                _sbrk
 .text.printchar
                0x08001538       0x3c ./Debug/printf-stdarg.o
 .text.prints   0x08001574       0xd0 ./Debug/printf-stdarg.o
 .text.printi   0x08001644       0xf4 ./Debug/printf-stdarg.o
 .text.print    0x08001738      0x218 ./Debug/printf-stdarg.o
 .text.printf   0x08001950       0x2c ./Debug/printf-stdarg.o
                0x08001950                printf
 .text.sprintf  0x0800197c       0x30 ./Debug/printf-stdarg.o
                0x0800197c                sprintf
 .text.snprintf
                0x080019ac       0x34 ./Debug/printf-stdarg.o
                0x080019ac                snprintf
 .text.write    0x080019e0       0x1c ./Debug/printf-stdarg.o
                0x080019e0                write
 .text          0x080019fc        0x0 ./Debug/ParTest.o
 .text.__enable_irq
                0x080019fc        0xc ./Debug/ParTest.o
 .text.__disable_irq
                0x08001a08        0xc ./Debug/ParTest.o
 .text.__enable_fault_irq
                0x08001a14        0xc ./Debug/ParTest.o
 .text.__disable_fault_irq
                0x08001a20        0xc ./Debug/ParTest.o
 .text.__NOP    0x08001a2c        0xc ./Debug/ParTest.o
 .text.__WFI    0x08001a38        0xc ./Debug/ParTest.o
 .text.__WFE    0x08001a44        0xc ./Debug/ParTest.o
 .text.__SEV    0x08001a50        0xc ./Debug/ParTest.o
 .text.__ISB    0x08001a5c       0x10 ./Debug/ParTest.o
 .text.__DSB    0x08001a6c       0x10 ./Debug/ParTest.o
 .text.__DMB    0x08001a7c       0x10 ./Debug/ParTest.o
 .text.__CLREX  0x08001a8c       0x10 ./Debug/ParTest.o
 .text.NVIC_SetPriorityGrouping
                0x08001a9c       0x48 ./Debug/ParTest.o
 .text.NVIC_GetPriorityGrouping
                0x08001ae4       0x1c ./Debug/ParTest.o
 .text.NVIC_EnableIRQ
                0x08001b00       0x34 ./Debug/ParTest.o
 .text.NVIC_DisableIRQ
                0x08001b34       0x38 ./Debug/ParTest.o
 .text.NVIC_GetPendingIRQ
                0x08001b6c       0x4c ./Debug/ParTest.o
 .text.NVIC_SetPendingIRQ
                0x08001bb8       0x38 ./Debug/ParTest.o
 .text.NVIC_ClearPendingIRQ
                0x08001bf0       0x38 ./Debug/ParTest.o
 .text.NVIC_GetActive
                0x08001c28       0x4c ./Debug/ParTest.o
 .text.NVIC_SetPriority
                0x08001c74       0x58 ./Debug/ParTest.o
 .text.NVIC_GetPriority
                0x08001ccc       0x54 ./Debug/ParTest.o
 .text.NVIC_EncodePriority
                0x08001d20       0x78 ./Debug/ParTest.o
 .text.NVIC_DecodePriority
                0x08001d98       0x7c ./Debug/ParTest.o
 .text.SysTick_Config
                0x08001e14       0x54 ./Debug/ParTest.o
 .text.NVIC_SystemReset
                0x08001e68       0x24 ./Debug/ParTest.o
 .text.ITM_SendChar
                0x08001e8c       0x5c ./Debug/ParTest.o
 .text.ITM_ReceiveChar
                0x08001ee8       0x38 ./Debug/ParTest.o
 .text.ITM_CheckChar
                0x08001f20       0x28 ./Debug/ParTest.o
 .text.vParTestInitialise
                0x08001f48       0x30 ./Debug/ParTest.o
                0x08001f48                vParTestInitialise
 .text.vParTestSetLED
                0x08001f78       0x6c ./Debug/ParTest.o
                0x08001f78                vParTestSetLED
 .text.vParTestToggleLED
                0x08001fe4       0x78 ./Debug/ParTest.o
                0x08001fe4                vParTestToggleLED
 .text          0x0800205c        0x0 ./Debug/delay_us.o
 .text.__enable_irq
                0x0800205c        0xc ./Debug/delay_us.o
 .text.__disable_irq
                0x08002068        0xc ./Debug/delay_us.o
 .text.__enable_fault_irq
                0x08002074        0xc ./Debug/delay_us.o
 .text.__disable_fault_irq
                0x08002080        0xc ./Debug/delay_us.o
 .text.__NOP    0x0800208c        0xc ./Debug/delay_us.o
 .text.__WFI    0x08002098        0xc ./Debug/delay_us.o
 .text.__WFE    0x080020a4        0xc ./Debug/delay_us.o
 .text.__SEV    0x080020b0        0xc ./Debug/delay_us.o
 .text.__ISB    0x080020bc       0x10 ./Debug/delay_us.o
 .text.__DSB    0x080020cc       0x10 ./Debug/delay_us.o
 .text.__DMB    0x080020dc       0x10 ./Debug/delay_us.o
 .text.__CLREX  0x080020ec       0x10 ./Debug/delay_us.o
 .text.NVIC_SetPriorityGrouping
                0x080020fc       0x48 ./Debug/delay_us.o
 .text.NVIC_GetPriorityGrouping
                0x08002144       0x1c ./Debug/delay_us.o
 .text.NVIC_EnableIRQ
                0x08002160       0x34 ./Debug/delay_us.o
 .text.NVIC_DisableIRQ
                0x08002194       0x38 ./Debug/delay_us.o
 .text.NVIC_GetPendingIRQ
                0x080021cc       0x4c ./Debug/delay_us.o
 .text.NVIC_SetPendingIRQ
                0x08002218       0x38 ./Debug/delay_us.o
 .text.NVIC_ClearPendingIRQ
                0x08002250       0x38 ./Debug/delay_us.o
 .text.NVIC_GetActive
                0x08002288       0x4c ./Debug/delay_us.o
 .text.NVIC_SetPriority
                0x080022d4       0x58 ./Debug/delay_us.o
 .text.NVIC_GetPriority
                0x0800232c       0x54 ./Debug/delay_us.o
 .text.NVIC_EncodePriority
                0x08002380       0x78 ./Debug/delay_us.o
 .text.NVIC_DecodePriority
                0x080023f8       0x7c ./Debug/delay_us.o
 .text.SysTick_Config
                0x08002474       0x54 ./Debug/delay_us.o
 .text.NVIC_SystemReset
                0x080024c8       0x24 ./Debug/delay_us.o
 .text.ITM_SendChar
                0x080024ec       0x5c ./Debug/delay_us.o
 .text.ITM_ReceiveChar
                0x08002548       0x38 ./Debug/delay_us.o
 .text.ITM_CheckChar
                0x08002580       0x28 ./Debug/delay_us.o
 .text.delay_us_init
                0x080025a8       0x58 ./Debug/delay_us.o
                0x080025a8                delay_us_init
 .text.delay_us
                0x08002600       0x30 ./Debug/delay_us.o
                0x08002600                delay_us
 .text          0x08002630        0x0 ./Debug/core_cm3.o
 .text.__get_PSP
                0x08002630       0x10 ./Debug/core_cm3.o
                0x08002630                __get_PSP
 .text.__set_PSP
                0x08002640        0x8 ./Debug/core_cm3.o
                0x08002640                __set_PSP
 .text.__get_MSP
                0x08002648       0x10 ./Debug/core_cm3.o
                0x08002648                __get_MSP
 .text.__set_MSP
                0x08002658        0x8 ./Debug/core_cm3.o
                0x08002658                __set_MSP
 .text.__get_BASEPRI
                0x08002660       0x20 ./Debug/core_cm3.o
                0x08002660                __get_BASEPRI
 .text.__set_BASEPRI
                0x08002680       0x18 ./Debug/core_cm3.o
                0x08002680                __set_BASEPRI
 .text.__get_PRIMASK
                0x08002698       0x20 ./Debug/core_cm3.o
                0x08002698                __get_PRIMASK
 .text.__set_PRIMASK
                0x080026b8       0x18 ./Debug/core_cm3.o
                0x080026b8                __set_PRIMASK
 .text.__get_FAULTMASK
                0x080026d0       0x20 ./Debug/core_cm3.o
                0x080026d0                __get_FAULTMASK
 .text.__set_FAULTMASK
                0x080026f0       0x18 ./Debug/core_cm3.o
                0x080026f0                __set_FAULTMASK
 .text.__get_CONTROL
                0x08002708       0x20 ./Debug/core_cm3.o
                0x08002708                __get_CONTROL
 .text.__set_CONTROL
                0x08002728       0x18 ./Debug/core_cm3.o
                0x08002728                __set_CONTROL
 .text.__REV    0x08002740       0x24 ./Debug/core_cm3.o
                0x08002740                __REV
 .text.__REV16  0x08002764       0x24 ./Debug/core_cm3.o
                0x08002764                __REV16
 .text.__REVSH  0x08002788       0x24 ./Debug/core_cm3.o
                0x08002788                __REVSH
 .text.__RBIT   0x080027ac       0x24 ./Debug/core_cm3.o
                0x080027ac                __RBIT
 .text.__LDREXB
                0x080027d0       0x24 ./Debug/core_cm3.o
                0x080027d0                __LDREXB
 .text.__LDREXH
                0x080027f4       0x24 ./Debug/core_cm3.o
                0x080027f4                __LDREXH
 .text.__LDREXW
                0x08002818       0x24 ./Debug/core_cm3.o
                0x08002818                __LDREXW
 .text.__STREXB
                0x0800283c       0x2c ./Debug/core_cm3.o
                0x0800283c                __STREXB
 .text.__STREXH
                0x08002868       0x2c ./Debug/core_cm3.o
                0x08002868                __STREXH
 .text.__STREXW
                0x08002894       0x28 ./Debug/core_cm3.o
                0x08002894                __STREXW
 .text          0x080028bc        0x0 ./Debug/system_stm32f10x.o
 .text.__enable_irq
                0x080028bc        0xc ./Debug/system_stm32f10x.o
 .text.__disable_irq
                0x080028c8        0xc ./Debug/system_stm32f10x.o
 .text.__enable_fault_irq
                0x080028d4        0xc ./Debug/system_stm32f10x.o
 .text.__disable_fault_irq
                0x080028e0        0xc ./Debug/system_stm32f10x.o
 .text.__NOP    0x080028ec        0xc ./Debug/system_stm32f10x.o
 .text.__WFI    0x080028f8        0xc ./Debug/system_stm32f10x.o
 .text.__WFE    0x08002904        0xc ./Debug/system_stm32f10x.o
 .text.__SEV    0x08002910        0xc ./Debug/system_stm32f10x.o
 .text.__ISB    0x0800291c       0x10 ./Debug/system_stm32f10x.o
 .text.__DSB    0x0800292c       0x10 ./Debug/system_stm32f10x.o
 .text.__DMB    0x0800293c       0x10 ./Debug/system_stm32f10x.o
 .text.__CLREX  0x0800294c       0x10 ./Debug/system_stm32f10x.o
 .text.NVIC_SetPriorityGrouping
                0x0800295c       0x48 ./Debug/system_stm32f10x.o
 .text.NVIC_GetPriorityGrouping
                0x080029a4       0x1c ./Debug/system_stm32f10x.o
 .text.NVIC_EnableIRQ
                0x080029c0       0x34 ./Debug/system_stm32f10x.o
 .text.NVIC_DisableIRQ
                0x080029f4       0x38 ./Debug/system_stm32f10x.o
 .text.NVIC_GetPendingIRQ
                0x08002a2c       0x4c ./Debug/system_stm32f10x.o
 .text.NVIC_SetPendingIRQ
                0x08002a78       0x38 ./Debug/system_stm32f10x.o
 .text.NVIC_ClearPendingIRQ
                0x08002ab0       0x38 ./Debug/system_stm32f10x.o
 .text.NVIC_GetActive
                0x08002ae8       0x4c ./Debug/system_stm32f10x.o
 .text.NVIC_SetPriority
                0x08002b34       0x58 ./Debug/system_stm32f10x.o
 .text.NVIC_GetPriority
                0x08002b8c       0x54 ./Debug/system_stm32f10x.o
 .text.NVIC_EncodePriority
                0x08002be0       0x78 ./Debug/system_stm32f10x.o
 .text.NVIC_DecodePriority
                0x08002c58       0x7c ./Debug/system_stm32f10x.o
 .text.SysTick_Config
                0x08002cd4       0x54 ./Debug/system_stm32f10x.o
 .text.NVIC_SystemReset
                0x08002d28       0x24 ./Debug/system_stm32f10x.o
 .text.ITM_SendChar
                0x08002d4c       0x5c ./Debug/system_stm32f10x.o
 .text.ITM_ReceiveChar
                0x08002da8       0x38 ./Debug/system_stm32f10x.o
 .text.ITM_CheckChar
                0x08002de0       0x28 ./Debug/system_stm32f10x.o
 .text.SystemInit
                0x08002e08       0x68 ./Debug/system_stm32f10x.o
                0x08002e08                SystemInit
 .text.SystemCoreClockUpdate
                0x08002e70       0xe4 ./Debug/system_stm32f10x.o
                0x08002e70                SystemCoreClockUpdate
 .text.SetSysClock
                0x08002f54        0xc ./Debug/system_stm32f10x.o
 .text.SetSysClockTo72
                0x08002f60      0x108 ./Debug/system_stm32f10x.o
 .text          0x08003068        0x0 ./Debug/misc.o
 .text.__enable_irq
                0x08003068        0xc ./Debug/misc.o
 .text.__disable_irq
                0x08003074        0xc ./Debug/misc.o
 .text.__enable_fault_irq
                0x08003080        0xc ./Debug/misc.o
 .text.__disable_fault_irq
                0x0800308c        0xc ./Debug/misc.o
 .text.__NOP    0x08003098        0xc ./Debug/misc.o
 .text.__WFI    0x080030a4        0xc ./Debug/misc.o
 .text.__WFE    0x080030b0        0xc ./Debug/misc.o
 .text.__SEV    0x080030bc        0xc ./Debug/misc.o
 .text.__ISB    0x080030c8       0x10 ./Debug/misc.o
 .text.__DSB    0x080030d8       0x10 ./Debug/misc.o
 .text.__DMB    0x080030e8       0x10 ./Debug/misc.o
 .text.__CLREX  0x080030f8       0x10 ./Debug/misc.o
 .text.NVIC_SetPriorityGrouping
                0x08003108       0x48 ./Debug/misc.o
 .text.NVIC_GetPriorityGrouping
                0x08003150       0x1c ./Debug/misc.o
 .text.NVIC_EnableIRQ
                0x0800316c       0x34 ./Debug/misc.o
 .text.NVIC_DisableIRQ
                0x080031a0       0x38 ./Debug/misc.o
 .text.NVIC_GetPendingIRQ
                0x080031d8       0x4c ./Debug/misc.o
 .text.NVIC_SetPendingIRQ
                0x08003224       0x38 ./Debug/misc.o
 .text.NVIC_ClearPendingIRQ
                0x0800325c       0x38 ./Debug/misc.o
 .text.NVIC_GetActive
                0x08003294       0x4c ./Debug/misc.o
 .text.NVIC_SetPriority
                0x080032e0       0x58 ./Debug/misc.o
 .text.NVIC_GetPriority
                0x08003338       0x54 ./Debug/misc.o
 .text.NVIC_EncodePriority
                0x0800338c       0x78 ./Debug/misc.o
 .text.NVIC_DecodePriority
                0x08003404       0x7c ./Debug/misc.o
 .text.SysTick_Config
                0x08003480       0x54 ./Debug/misc.o
 .text.NVIC_SystemReset
                0x080034d4       0x24 ./Debug/misc.o
 .text.ITM_SendChar
                0x080034f8       0x5c ./Debug/misc.o
 .text.ITM_ReceiveChar
                0x08003554       0x38 ./Debug/misc.o
 .text.ITM_CheckChar
                0x0800358c       0x28 ./Debug/misc.o
 .text.NVIC_PriorityGroupConfig
                0x080035b4       0x24 ./Debug/misc.o
                0x080035b4                NVIC_PriorityGroupConfig
 .text.NVIC_Init
                0x080035d8       0xd4 ./Debug/misc.o
                0x080035d8                NVIC_Init
 .text.NVIC_SetVectorTable
                0x080036ac       0x2c ./Debug/misc.o
                0x080036ac                NVIC_SetVectorTable
 .text.NVIC_SystemLPConfig
                0x080036d8       0x40 ./Debug/misc.o
                0x080036d8                NVIC_SystemLPConfig
 .text.SysTick_CLKSourceConfig
                0x08003718       0x38 ./Debug/misc.o
                0x08003718                SysTick_CLKSourceConfig
 .text          0x08003750        0x0 ./Debug/stm32f10x_rcc.o
 .text.__enable_irq
                0x08003750        0xc ./Debug/stm32f10x_rcc.o
 .text.__disable_irq
                0x0800375c        0xc ./Debug/stm32f10x_rcc.o
 .text.__enable_fault_irq
                0x08003768        0xc ./Debug/stm32f10x_rcc.o
 .text.__disable_fault_irq
                0x08003774        0xc ./Debug/stm32f10x_rcc.o
 .text.__NOP    0x08003780        0xc ./Debug/stm32f10x_rcc.o
 .text.__WFI    0x0800378c        0xc ./Debug/stm32f10x_rcc.o
 .text.__WFE    0x08003798        0xc ./Debug/stm32f10x_rcc.o
 .text.__SEV    0x080037a4        0xc ./Debug/stm32f10x_rcc.o
 .text.__ISB    0x080037b0       0x10 ./Debug/stm32f10x_rcc.o
 .text.__DSB    0x080037c0       0x10 ./Debug/stm32f10x_rcc.o
 .text.__DMB    0x080037d0       0x10 ./Debug/stm32f10x_rcc.o
 .text.__CLREX  0x080037e0       0x10 ./Debug/stm32f10x_rcc.o
 .text.NVIC_SetPriorityGrouping
                0x080037f0       0x48 ./Debug/stm32f10x_rcc.o
 .text.NVIC_GetPriorityGrouping
                0x08003838       0x1c ./Debug/stm32f10x_rcc.o
 .text.NVIC_EnableIRQ
                0x08003854       0x34 ./Debug/stm32f10x_rcc.o
 .text.NVIC_DisableIRQ
                0x08003888       0x38 ./Debug/stm32f10x_rcc.o
 .text.NVIC_GetPendingIRQ
                0x080038c0       0x4c ./Debug/stm32f10x_rcc.o
 .text.NVIC_SetPendingIRQ
                0x0800390c       0x38 ./Debug/stm32f10x_rcc.o
 .text.NVIC_ClearPendingIRQ
                0x08003944       0x38 ./Debug/stm32f10x_rcc.o
 .text.NVIC_GetActive
                0x0800397c       0x4c ./Debug/stm32f10x_rcc.o
 .text.NVIC_SetPriority
                0x080039c8       0x58 ./Debug/stm32f10x_rcc.o
 .text.NVIC_GetPriority
                0x08003a20       0x54 ./Debug/stm32f10x_rcc.o
 .text.NVIC_EncodePriority
                0x08003a74       0x78 ./Debug/stm32f10x_rcc.o
 .text.NVIC_DecodePriority
                0x08003aec       0x7c ./Debug/stm32f10x_rcc.o
 .text.SysTick_Config
                0x08003b68       0x54 ./Debug/stm32f10x_rcc.o
 .text.NVIC_SystemReset
                0x08003bbc       0x24 ./Debug/stm32f10x_rcc.o
 .text.ITM_SendChar
                0x08003be0       0x5c ./Debug/stm32f10x_rcc.o
 .text.ITM_ReceiveChar
                0x08003c3c       0x38 ./Debug/stm32f10x_rcc.o
 .text.ITM_CheckChar
                0x08003c74       0x28 ./Debug/stm32f10x_rcc.o
 .text.RCC_DeInit
                0x08003c9c       0x5c ./Debug/stm32f10x_rcc.o
                0x08003c9c                RCC_DeInit
 .text.RCC_HSEConfig
                0x08003cf8       0x5c ./Debug/stm32f10x_rcc.o
                0x08003cf8                RCC_HSEConfig
 .text.RCC_WaitForHSEStartUp
                0x08003d54       0x64 ./Debug/stm32f10x_rcc.o
                0x08003d54                RCC_WaitForHSEStartUp
 .text.RCC_AdjustHSICalibrationValue
                0x08003db8       0x40 ./Debug/stm32f10x_rcc.o
                0x08003db8                RCC_AdjustHSICalibrationValue
 .text.RCC_HSICmd
                0x08003df8       0x20 ./Debug/stm32f10x_rcc.o
                0x08003df8                RCC_HSICmd
 .text.RCC_PLLConfig
                0x08003e18       0x40 ./Debug/stm32f10x_rcc.o
                0x08003e18                RCC_PLLConfig
 .text.RCC_PLLCmd
                0x08003e58       0x20 ./Debug/stm32f10x_rcc.o
                0x08003e58                RCC_PLLCmd
 .text.RCC_SYSCLKConfig
                0x08003e78       0x38 ./Debug/stm32f10x_rcc.o
                0x08003e78                RCC_SYSCLKConfig
 .text.RCC_GetSYSCLKSource
                0x08003eb0       0x1c ./Debug/stm32f10x_rcc.o
                0x08003eb0                RCC_GetSYSCLKSource
 .text.RCC_HCLKConfig
                0x08003ecc       0x38 ./Debug/stm32f10x_rcc.o
                0x08003ecc                RCC_HCLKConfig
 .text.RCC_PCLK1Config
                0x08003f04       0x38 ./Debug/stm32f10x_rcc.o
                0x08003f04                RCC_PCLK1Config
 .text.RCC_PCLK2Config
                0x08003f3c       0x3c ./Debug/stm32f10x_rcc.o
                0x08003f3c                RCC_PCLK2Config
 .text.RCC_ITConfig
                0x08003f78       0x4c ./Debug/stm32f10x_rcc.o
                0x08003f78                RCC_ITConfig
 .text.RCC_USBCLKConfig
                0x08003fc4       0x1c ./Debug/stm32f10x_rcc.o
                0x08003fc4                RCC_USBCLKConfig
 .text.RCC_ADCCLKConfig
                0x08003fe0       0x38 ./Debug/stm32f10x_rcc.o
                0x08003fe0                RCC_ADCCLKConfig
 .text.RCC_LSEConfig
                0x08004018       0x4c ./Debug/stm32f10x_rcc.o
                0x08004018                RCC_LSEConfig
 .text.RCC_LSICmd
                0x08004064       0x20 ./Debug/stm32f10x_rcc.o
                0x08004064                RCC_LSICmd
 .text.RCC_RTCCLKConfig
                0x08004084       0x24 ./Debug/stm32f10x_rcc.o
                0x08004084                RCC_RTCCLKConfig
 .text.RCC_RTCCLKCmd
                0x080040a8       0x20 ./Debug/stm32f10x_rcc.o
                0x080040a8                RCC_RTCCLKCmd
 .text.RCC_GetClocksFreq
                0x080040c8      0x17c ./Debug/stm32f10x_rcc.o
                0x080040c8                RCC_GetClocksFreq
 .text.RCC_AHBPeriphClockCmd
                0x08004244       0x40 ./Debug/stm32f10x_rcc.o
                0x08004244                RCC_AHBPeriphClockCmd
 .text.RCC_APB2PeriphClockCmd
                0x08004284       0x40 ./Debug/stm32f10x_rcc.o
                0x08004284                RCC_APB2PeriphClockCmd
 .text.RCC_APB1PeriphClockCmd
                0x080042c4       0x40 ./Debug/stm32f10x_rcc.o
                0x080042c4                RCC_APB1PeriphClockCmd
 .text.RCC_APB2PeriphResetCmd
                0x08004304       0x40 ./Debug/stm32f10x_rcc.o
                0x08004304                RCC_APB2PeriphResetCmd
 .text.RCC_APB1PeriphResetCmd
                0x08004344       0x40 ./Debug/stm32f10x_rcc.o
                0x08004344                RCC_APB1PeriphResetCmd
 .text.RCC_BackupResetCmd
                0x08004384       0x20 ./Debug/stm32f10x_rcc.o
                0x08004384                RCC_BackupResetCmd
 .text.RCC_ClockSecuritySystemCmd
                0x080043a4       0x20 ./Debug/stm32f10x_rcc.o
                0x080043a4                RCC_ClockSecuritySystemCmd
 .text.RCC_MCOConfig
                0x080043c4       0x20 ./Debug/stm32f10x_rcc.o
                0x080043c4                RCC_MCOConfig
 .text.RCC_GetFlagStatus
                0x080043e4       0x80 ./Debug/stm32f10x_rcc.o
                0x080043e4                RCC_GetFlagStatus
 .text.RCC_ClearFlag
                0x08004464       0x1c ./Debug/stm32f10x_rcc.o
                0x08004464                RCC_ClearFlag
 .text.RCC_GetITStatus
                0x08004480       0x3c ./Debug/stm32f10x_rcc.o
                0x08004480                RCC_GetITStatus
 .text.RCC_ClearITPendingBit
                0x080044bc       0x20 ./Debug/stm32f10x_rcc.o
                0x080044bc                RCC_ClearITPendingBit
 .text          0x080044dc        0x0 ./Debug/stm32f10x_gpio.o
 .text.__enable_irq
                0x080044dc        0xc ./Debug/stm32f10x_gpio.o
 .text.__disable_irq
                0x080044e8        0xc ./Debug/stm32f10x_gpio.o
 .text.__enable_fault_irq
                0x080044f4        0xc ./Debug/stm32f10x_gpio.o
 .text.__disable_fault_irq
                0x08004500        0xc ./Debug/stm32f10x_gpio.o
 .text.__NOP    0x0800450c        0xc ./Debug/stm32f10x_gpio.o
 .text.__WFI    0x08004518        0xc ./Debug/stm32f10x_gpio.o
 .text.__WFE    0x08004524        0xc ./Debug/stm32f10x_gpio.o
 .text.__SEV    0x08004530        0xc ./Debug/stm32f10x_gpio.o
 .text.__ISB    0x0800453c       0x10 ./Debug/stm32f10x_gpio.o
 .text.__DSB    0x0800454c       0x10 ./Debug/stm32f10x_gpio.o
 .text.__DMB    0x0800455c       0x10 ./Debug/stm32f10x_gpio.o
 .text.__CLREX  0x0800456c       0x10 ./Debug/stm32f10x_gpio.o
 .text.NVIC_SetPriorityGrouping
                0x0800457c       0x48 ./Debug/stm32f10x_gpio.o
 .text.NVIC_GetPriorityGrouping
                0x080045c4       0x1c ./Debug/stm32f10x_gpio.o
 .text.NVIC_EnableIRQ
                0x080045e0       0x34 ./Debug/stm32f10x_gpio.o
 .text.NVIC_DisableIRQ
                0x08004614       0x38 ./Debug/stm32f10x_gpio.o
 .text.NVIC_GetPendingIRQ
                0x0800464c       0x4c ./Debug/stm32f10x_gpio.o
 .text.NVIC_SetPendingIRQ
                0x08004698       0x38 ./Debug/stm32f10x_gpio.o
 .text.NVIC_ClearPendingIRQ
                0x080046d0       0x38 ./Debug/stm32f10x_gpio.o
 .text.NVIC_GetActive
                0x08004708       0x4c ./Debug/stm32f10x_gpio.o
 .text.NVIC_SetPriority
                0x08004754       0x58 ./Debug/stm32f10x_gpio.o
 .text.NVIC_GetPriority
                0x080047ac       0x54 ./Debug/stm32f10x_gpio.o
 .text.NVIC_EncodePriority
                0x08004800       0x78 ./Debug/stm32f10x_gpio.o
 .text.NVIC_DecodePriority
                0x08004878       0x7c ./Debug/stm32f10x_gpio.o
 .text.SysTick_Config
                0x080048f4       0x54 ./Debug/stm32f10x_gpio.o
 .text.NVIC_SystemReset
                0x08004948       0x24 ./Debug/stm32f10x_gpio.o
 .text.ITM_SendChar
                0x0800496c       0x5c ./Debug/stm32f10x_gpio.o
 .text.ITM_ReceiveChar
                0x080049c8       0x38 ./Debug/stm32f10x_gpio.o
 .text.ITM_CheckChar
                0x08004a00       0x28 ./Debug/stm32f10x_gpio.o
 .text.GPIO_DeInit
                0x08004a28      0x118 ./Debug/stm32f10x_gpio.o
                0x08004a28                GPIO_DeInit
 .text.GPIO_AFIODeInit
                0x08004b40       0x20 ./Debug/stm32f10x_gpio.o
                0x08004b40                GPIO_AFIODeInit
 .text.GPIO_Init
                0x08004b60      0x1b0 ./Debug/stm32f10x_gpio.o
                0x08004b60                GPIO_Init
 .text.GPIO_StructInit
                0x08004d10       0x2c ./Debug/stm32f10x_gpio.o
                0x08004d10                GPIO_StructInit
 .text.GPIO_ReadInputDataBit
                0x08004d3c       0x3c ./Debug/stm32f10x_gpio.o
                0x08004d3c                GPIO_ReadInputDataBit
 .text.GPIO_ReadInputData
                0x08004d78       0x1c ./Debug/stm32f10x_gpio.o
                0x08004d78                GPIO_ReadInputData
 .text.GPIO_ReadOutputDataBit
                0x08004d94       0x3c ./Debug/stm32f10x_gpio.o
                0x08004d94                GPIO_ReadOutputDataBit
 .text.GPIO_ReadOutputData
                0x08004dd0       0x1c ./Debug/stm32f10x_gpio.o
                0x08004dd0                GPIO_ReadOutputData
 .text.GPIO_SetBits
                0x08004dec       0x1c ./Debug/stm32f10x_gpio.o
                0x08004dec                GPIO_SetBits
 .text.GPIO_ResetBits
                0x08004e08       0x1c ./Debug/stm32f10x_gpio.o
                0x08004e08                GPIO_ResetBits
 .text.GPIO_WriteBit
                0x08004e24       0x30 ./Debug/stm32f10x_gpio.o
                0x08004e24                GPIO_WriteBit
 .text.GPIO_Write
                0x08004e54       0x1c ./Debug/stm32f10x_gpio.o
                0x08004e54                GPIO_Write
 .text.GPIO_PinLockConfig
                0x08004e70       0x44 ./Debug/stm32f10x_gpio.o
                0x08004e70                GPIO_PinLockConfig
 .text.GPIO_EventOutputConfig
                0x08004eb4       0x4c ./Debug/stm32f10x_gpio.o
                0x08004eb4                GPIO_EventOutputConfig
 .text.GPIO_EventOutputCmd
                0x08004f00       0x20 ./Debug/stm32f10x_gpio.o
                0x08004f00                GPIO_EventOutputCmd
 .text.GPIO_PinRemapConfig
                0x08004f20      0x100 ./Debug/stm32f10x_gpio.o
                0x08004f20                GPIO_PinRemapConfig
 .text.GPIO_EXTILineConfig
                0x08005020       0x98 ./Debug/stm32f10x_gpio.o
                0x08005020                GPIO_EXTILineConfig
 .text.GPIO_ETH_MediaInterfaceConfig
                0x080050b8       0x1c ./Debug/stm32f10x_gpio.o
                0x080050b8                GPIO_ETH_MediaInterfaceConfig
 .text          0x080050d4        0x0 ./Debug/stm32f10x_spi.o
 .text.__enable_irq
                0x080050d4        0xc ./Debug/stm32f10x_spi.o
 .text.__disable_irq
                0x080050e0        0xc ./Debug/stm32f10x_spi.o
 .text.__enable_fault_irq
                0x080050ec        0xc ./Debug/stm32f10x_spi.o
 .text.__disable_fault_irq
                0x080050f8        0xc ./Debug/stm32f10x_spi.o
 .text.__NOP    0x08005104        0xc ./Debug/stm32f10x_spi.o
 .text.__WFI    0x08005110        0xc ./Debug/stm32f10x_spi.o
 .text.__WFE    0x0800511c        0xc ./Debug/stm32f10x_spi.o
 .text.__SEV    0x08005128        0xc ./Debug/stm32f10x_spi.o
 .text.__ISB    0x08005134       0x10 ./Debug/stm32f10x_spi.o
 .text.__DSB    0x08005144       0x10 ./Debug/stm32f10x_spi.o
 .text.__DMB    0x08005154       0x10 ./Debug/stm32f10x_spi.o
 .text.__CLREX  0x08005164       0x10 ./Debug/stm32f10x_spi.o
 .text.NVIC_SetPriorityGrouping
                0x08005174       0x48 ./Debug/stm32f10x_spi.o
 .text.NVIC_GetPriorityGrouping
                0x080051bc       0x1c ./Debug/stm32f10x_spi.o
 .text.NVIC_EnableIRQ
                0x080051d8       0x34 ./Debug/stm32f10x_spi.o
 .text.NVIC_DisableIRQ
                0x0800520c       0x38 ./Debug/stm32f10x_spi.o
 .text.NVIC_GetPendingIRQ
                0x08005244       0x4c ./Debug/stm32f10x_spi.o
 .text.NVIC_SetPendingIRQ
                0x08005290       0x38 ./Debug/stm32f10x_spi.o
 .text.NVIC_ClearPendingIRQ
                0x080052c8       0x38 ./Debug/stm32f10x_spi.o
 .text.NVIC_GetActive
                0x08005300       0x4c ./Debug/stm32f10x_spi.o
 .text.NVIC_SetPriority
                0x0800534c       0x58 ./Debug/stm32f10x_spi.o
 .text.NVIC_GetPriority
                0x080053a4       0x54 ./Debug/stm32f10x_spi.o
 .text.NVIC_EncodePriority
                0x080053f8       0x78 ./Debug/stm32f10x_spi.o
 .text.NVIC_DecodePriority
                0x08005470       0x7c ./Debug/stm32f10x_spi.o
 .text.SysTick_Config
                0x080054ec       0x54 ./Debug/stm32f10x_spi.o
 .text.NVIC_SystemReset
                0x08005540       0x24 ./Debug/stm32f10x_spi.o
 .text.ITM_SendChar
                0x08005564       0x5c ./Debug/stm32f10x_spi.o
 .text.ITM_ReceiveChar
                0x080055c0       0x38 ./Debug/stm32f10x_spi.o
 .text.ITM_CheckChar
                0x080055f8       0x28 ./Debug/stm32f10x_spi.o
 .text.SPI_I2S_DeInit
                0x08005620       0x80 ./Debug/stm32f10x_spi.o
                0x08005620                SPI_I2S_DeInit
 .text.SPI_Init
                0x080056a0       0x88 ./Debug/stm32f10x_spi.o
                0x080056a0                SPI_Init
 .text.I2S_Init
                0x08005728      0x194 ./Debug/stm32f10x_spi.o
                0x08005728                I2S_Init
 .text.SPI_StructInit
                0x080058bc       0x5c ./Debug/stm32f10x_spi.o
                0x080058bc                SPI_StructInit
 .text.I2S_StructInit
                0x08005918       0x44 ./Debug/stm32f10x_spi.o
                0x08005918                I2S_StructInit
 .text.SPI_Cmd  0x0800595c       0x40 ./Debug/stm32f10x_spi.o
                0x0800595c                SPI_Cmd
 .text.I2S_Cmd  0x0800599c       0x40 ./Debug/stm32f10x_spi.o
                0x0800599c                I2S_Cmd
 .text.SPI_I2S_ITConfig
                0x080059dc       0x6c ./Debug/stm32f10x_spi.o
                0x080059dc                SPI_I2S_ITConfig
 .text.SPI_I2S_DMACmd
                0x08005a48       0x48 ./Debug/stm32f10x_spi.o
                0x08005a48                SPI_I2S_DMACmd
 .text.SPI_I2S_SendData
                0x08005a90       0x1c ./Debug/stm32f10x_spi.o
                0x08005a90                SPI_I2S_SendData
 .text.SPI_I2S_ReceiveData
                0x08005aac       0x1c ./Debug/stm32f10x_spi.o
                0x08005aac                SPI_I2S_ReceiveData
 .text.SPI_NSSInternalSoftwareConfig
                0x08005ac8       0x44 ./Debug/stm32f10x_spi.o
                0x08005ac8                SPI_NSSInternalSoftwareConfig
 .text.SPI_SSOutputCmd
                0x08005b0c       0x40 ./Debug/stm32f10x_spi.o
                0x08005b0c                SPI_SSOutputCmd
 .text.SPI_DataSizeConfig
                0x08005b4c       0x38 ./Debug/stm32f10x_spi.o
                0x08005b4c                SPI_DataSizeConfig
 .text.SPI_TransmitCRC
                0x08005b84       0x24 ./Debug/stm32f10x_spi.o
                0x08005b84                SPI_TransmitCRC
 .text.SPI_CalculateCRC
                0x08005ba8       0x40 ./Debug/stm32f10x_spi.o
                0x08005ba8                SPI_CalculateCRC
 .text.SPI_GetCRC
                0x08005be8       0x34 ./Debug/stm32f10x_spi.o
                0x08005be8                SPI_GetCRC
 .text.SPI_GetCRCPolynomial
                0x08005c1c       0x1c ./Debug/stm32f10x_spi.o
                0x08005c1c                SPI_GetCRCPolynomial
 .text.SPI_BiDirectionalLineConfig
                0x08005c38       0x40 ./Debug/stm32f10x_spi.o
                0x08005c38                SPI_BiDirectionalLineConfig
 .text.SPI_I2S_GetFlagStatus
                0x08005c78       0x40 ./Debug/stm32f10x_spi.o
                0x08005c78                SPI_I2S_GetFlagStatus
 .text.SPI_I2S_ClearFlag
                0x08005cb8       0x24 ./Debug/stm32f10x_spi.o
                0x08005cb8                SPI_I2S_ClearFlag
 .text.SPI_I2S_GetITStatus
                0x08005cdc       0x88 ./Debug/stm32f10x_spi.o
                0x08005cdc                SPI_I2S_GetITStatus
 .text.SPI_I2S_ClearITPendingBit
                0x08005d64       0x38 ./Debug/stm32f10x_spi.o
                0x08005d64                SPI_I2S_ClearITPendingBit
 .text          0x08005d9c        0x0 ./Debug/stm32f10x_tim.o
 .text.__enable_irq
                0x08005d9c        0xc ./Debug/stm32f10x_tim.o
 .text.__disable_irq
                0x08005da8        0xc ./Debug/stm32f10x_tim.o
 .text.__enable_fault_irq
                0x08005db4        0xc ./Debug/stm32f10x_tim.o
 .text.__disable_fault_irq
                0x08005dc0        0xc ./Debug/stm32f10x_tim.o
 .text.__NOP    0x08005dcc        0xc ./Debug/stm32f10x_tim.o
 .text.__WFI    0x08005dd8        0xc ./Debug/stm32f10x_tim.o
 .text.__WFE    0x08005de4        0xc ./Debug/stm32f10x_tim.o
 .text.__SEV    0x08005df0        0xc ./Debug/stm32f10x_tim.o
 .text.__ISB    0x08005dfc       0x10 ./Debug/stm32f10x_tim.o
 .text.__DSB    0x08005e0c       0x10 ./Debug/stm32f10x_tim.o
 .text.__DMB    0x08005e1c       0x10 ./Debug/stm32f10x_tim.o
 .text.__CLREX  0x08005e2c       0x10 ./Debug/stm32f10x_tim.o
 .text.NVIC_SetPriorityGrouping
                0x08005e3c       0x48 ./Debug/stm32f10x_tim.o
 .text.NVIC_GetPriorityGrouping
                0x08005e84       0x1c ./Debug/stm32f10x_tim.o
 .text.NVIC_EnableIRQ
                0x08005ea0       0x34 ./Debug/stm32f10x_tim.o
 .text.NVIC_DisableIRQ
                0x08005ed4       0x38 ./Debug/stm32f10x_tim.o
 .text.NVIC_GetPendingIRQ
                0x08005f0c       0x4c ./Debug/stm32f10x_tim.o
 .text.NVIC_SetPendingIRQ
                0x08005f58       0x38 ./Debug/stm32f10x_tim.o
 .text.NVIC_ClearPendingIRQ
                0x08005f90       0x38 ./Debug/stm32f10x_tim.o
 .text.NVIC_GetActive
                0x08005fc8       0x4c ./Debug/stm32f10x_tim.o
 .text.NVIC_SetPriority
                0x08006014       0x58 ./Debug/stm32f10x_tim.o
 .text.NVIC_GetPriority
                0x0800606c       0x54 ./Debug/stm32f10x_tim.o
 .text.NVIC_EncodePriority
                0x080060c0       0x78 ./Debug/stm32f10x_tim.o
 .text.NVIC_DecodePriority
                0x08006138       0x7c ./Debug/stm32f10x_tim.o
 .text.SysTick_Config
                0x080061b4       0x54 ./Debug/stm32f10x_tim.o
 .text.NVIC_SystemReset
                0x08006208       0x24 ./Debug/stm32f10x_tim.o
 .text.ITM_SendChar
                0x0800622c       0x5c ./Debug/stm32f10x_tim.o
 .text.ITM_ReceiveChar
                0x08006288       0x38 ./Debug/stm32f10x_tim.o
 .text.ITM_CheckChar
                0x080062c0       0x28 ./Debug/stm32f10x_tim.o
 .text.TIM_DeInit
                0x080062e8      0x290 ./Debug/stm32f10x_tim.o
                0x080062e8                TIM_DeInit
 .text.TIM_TimeBaseInit
                0x08006578       0xfc ./Debug/stm32f10x_tim.o
                0x08006578                TIM_TimeBaseInit
 .text.TIM_OC1Init
                0x08006674      0x11c ./Debug/stm32f10x_tim.o
                0x08006674                TIM_OC1Init
 .text.TIM_OC2Init
                0x08006790      0x124 ./Debug/stm32f10x_tim.o
                0x08006790                TIM_OC2Init
 .text.TIM_OC3Init
                0x080068b4      0x11c ./Debug/stm32f10x_tim.o
                0x080068b4                TIM_OC3Init
 .text.TIM_OC4Init
                0x080069d0       0xdc ./Debug/stm32f10x_tim.o
                0x080069d0                TIM_OC4Init
 .text.TIM_ICInit
                0x08006aac       0xa8 ./Debug/stm32f10x_tim.o
                0x08006aac                TIM_ICInit
 .text.TIM_PWMIConfig
                0x08006b54       0xc4 ./Debug/stm32f10x_tim.o
                0x08006b54                TIM_PWMIConfig
 .text.TIM_BDTRConfig
                0x08006c18       0x50 ./Debug/stm32f10x_tim.o
                0x08006c18                TIM_BDTRConfig
 .text.TIM_TimeBaseStructInit
                0x08006c68       0x3c ./Debug/stm32f10x_tim.o
                0x08006c68                TIM_TimeBaseStructInit
 .text.TIM_OCStructInit
                0x08006ca4       0x54 ./Debug/stm32f10x_tim.o
                0x08006ca4                TIM_OCStructInit
 .text.TIM_ICStructInit
                0x08006cf8       0x3c ./Debug/stm32f10x_tim.o
                0x08006cf8                TIM_ICStructInit
 .text.TIM_BDTRStructInit
                0x08006d34       0x4c ./Debug/stm32f10x_tim.o
                0x08006d34                TIM_BDTRStructInit
 .text.TIM_Cmd  0x08006d80       0x40 ./Debug/stm32f10x_tim.o
                0x08006d80                TIM_Cmd
 .text.TIM_CtrlPWMOutputs
                0x08006dc0       0x50 ./Debug/stm32f10x_tim.o
                0x08006dc0                TIM_CtrlPWMOutputs
 .text.TIM_ITConfig
                0x08006e10       0x48 ./Debug/stm32f10x_tim.o
                0x08006e10                TIM_ITConfig
 .text.TIM_GenerateEvent
                0x08006e58       0x1c ./Debug/stm32f10x_tim.o
                0x08006e58                TIM_GenerateEvent
 .text.TIM_DMAConfig
                0x08006e74       0x28 ./Debug/stm32f10x_tim.o
                0x08006e74                TIM_DMAConfig
 .text.TIM_DMACmd
                0x08006e9c       0x48 ./Debug/stm32f10x_tim.o
                0x08006e9c                TIM_DMACmd
 .text.TIM_InternalClockConfig
                0x08006ee4       0x24 ./Debug/stm32f10x_tim.o
                0x08006ee4                TIM_InternalClockConfig
 .text.TIM_ITRxExternalClockConfig
                0x08006f08       0x30 ./Debug/stm32f10x_tim.o
                0x08006f08                TIM_ITRxExternalClockConfig
 .text.TIM_TIxExternalClockConfig
                0x08006f38       0x58 ./Debug/stm32f10x_tim.o
                0x08006f38                TIM_TIxExternalClockConfig
 .text.TIM_ETRClockMode1Config
                0x08006f90       0x54 ./Debug/stm32f10x_tim.o
                0x08006f90                TIM_ETRClockMode1Config
 .text.TIM_ETRClockMode2Config
                0x08006fe4       0x34 ./Debug/stm32f10x_tim.o
                0x08006fe4                TIM_ETRClockMode2Config
 .text.TIM_ETRConfig
                0x08007018       0x4c ./Debug/stm32f10x_tim.o
                0x08007018                TIM_ETRConfig
 .text.TIM_PrescalerConfig
                0x08007064       0x28 ./Debug/stm32f10x_tim.o
                0x08007064                TIM_PrescalerConfig
 .text.TIM_CounterModeConfig
                0x0800708c       0x38 ./Debug/stm32f10x_tim.o
                0x0800708c                TIM_CounterModeConfig
 .text.TIM_SelectInputTrigger
                0x080070c4       0x38 ./Debug/stm32f10x_tim.o
                0x080070c4                TIM_SelectInputTrigger
 .text.TIM_EncoderInterfaceConfig
                0x080070fc       0x94 ./Debug/stm32f10x_tim.o
                0x080070fc                TIM_EncoderInterfaceConfig
 .text.TIM_ForcedOC1Config
                0x08007190       0x38 ./Debug/stm32f10x_tim.o
                0x08007190                TIM_ForcedOC1Config
 .text.TIM_ForcedOC2Config
                0x080071c8       0x40 ./Debug/stm32f10x_tim.o
                0x080071c8                TIM_ForcedOC2Config
 .text.TIM_ForcedOC3Config
                0x08007208       0x38 ./Debug/stm32f10x_tim.o
                0x08007208                TIM_ForcedOC3Config
 .text.TIM_ForcedOC4Config
                0x08007240       0x40 ./Debug/stm32f10x_tim.o
                0x08007240                TIM_ForcedOC4Config
 .text.TIM_ARRPreloadConfig
                0x08007280       0x40 ./Debug/stm32f10x_tim.o
                0x08007280                TIM_ARRPreloadConfig
 .text.TIM_SelectCOM
                0x080072c0       0x40 ./Debug/stm32f10x_tim.o
                0x080072c0                TIM_SelectCOM
 .text.TIM_SelectCCDMA
                0x08007300       0x40 ./Debug/stm32f10x_tim.o
                0x08007300                TIM_SelectCCDMA
 .text.TIM_CCPreloadControl
                0x08007340       0x40 ./Debug/stm32f10x_tim.o
                0x08007340                TIM_CCPreloadControl
 .text.TIM_OC1PreloadConfig
                0x08007380       0x38 ./Debug/stm32f10x_tim.o
                0x08007380                TIM_OC1PreloadConfig
 .text.TIM_OC2PreloadConfig
                0x080073b8       0x40 ./Debug/stm32f10x_tim.o
                0x080073b8                TIM_OC2PreloadConfig
 .text.TIM_OC3PreloadConfig
                0x080073f8       0x38 ./Debug/stm32f10x_tim.o
                0x080073f8                TIM_OC3PreloadConfig
 .text.TIM_OC4PreloadConfig
                0x08007430       0x40 ./Debug/stm32f10x_tim.o
                0x08007430                TIM_OC4PreloadConfig
 .text.TIM_OC1FastConfig
                0x08007470       0x38 ./Debug/stm32f10x_tim.o
                0x08007470                TIM_OC1FastConfig
 .text.TIM_OC2FastConfig
                0x080074a8       0x40 ./Debug/stm32f10x_tim.o
                0x080074a8                TIM_OC2FastConfig
 .text.TIM_OC3FastConfig
                0x080074e8       0x38 ./Debug/stm32f10x_tim.o
                0x080074e8                TIM_OC3FastConfig
 .text.TIM_OC4FastConfig
                0x08007520       0x40 ./Debug/stm32f10x_tim.o
                0x08007520                TIM_OC4FastConfig
 .text.TIM_ClearOC1Ref
                0x08007560       0x38 ./Debug/stm32f10x_tim.o
                0x08007560                TIM_ClearOC1Ref
 .text.TIM_ClearOC2Ref
                0x08007598       0x44 ./Debug/stm32f10x_tim.o
                0x08007598                TIM_ClearOC2Ref
 .text.TIM_ClearOC3Ref
                0x080075dc       0x38 ./Debug/stm32f10x_tim.o
                0x080075dc                TIM_ClearOC3Ref
 .text.TIM_ClearOC4Ref
                0x08007614       0x44 ./Debug/stm32f10x_tim.o
                0x08007614                TIM_ClearOC4Ref
 .text.TIM_OC1PolarityConfig
                0x08007658       0x38 ./Debug/stm32f10x_tim.o
                0x08007658                TIM_OC1PolarityConfig
 .text.TIM_OC1NPolarityConfig
                0x08007690       0x38 ./Debug/stm32f10x_tim.o
                0x08007690                TIM_OC1NPolarityConfig
 .text.TIM_OC2PolarityConfig
                0x080076c8       0x40 ./Debug/stm32f10x_tim.o
                0x080076c8                TIM_OC2PolarityConfig
 .text.TIM_OC2NPolarityConfig
                0x08007708       0x40 ./Debug/stm32f10x_tim.o
                0x08007708                TIM_OC2NPolarityConfig
 .text.TIM_OC3PolarityConfig
                0x08007748       0x40 ./Debug/stm32f10x_tim.o
                0x08007748                TIM_OC3PolarityConfig
 .text.TIM_OC3NPolarityConfig
                0x08007788       0x40 ./Debug/stm32f10x_tim.o
                0x08007788                TIM_OC3NPolarityConfig
 .text.TIM_OC4PolarityConfig
                0x080077c8       0x40 ./Debug/stm32f10x_tim.o
                0x080077c8                TIM_OC4PolarityConfig
 .text.TIM_CCxCmd
                0x08007808       0x5c ./Debug/stm32f10x_tim.o
                0x08007808                TIM_CCxCmd
 .text.TIM_CCxNCmd
                0x08007864       0x5c ./Debug/stm32f10x_tim.o
                0x08007864                TIM_CCxNCmd
 .text.TIM_SelectOCxM
                0x080078c0       0xbc ./Debug/stm32f10x_tim.o
                0x080078c0                TIM_SelectOCxM
 .text.TIM_UpdateDisableConfig
                0x0800797c       0x40 ./Debug/stm32f10x_tim.o
                0x0800797c                TIM_UpdateDisableConfig
 .text.TIM_UpdateRequestConfig
                0x080079bc       0x40 ./Debug/stm32f10x_tim.o
                0x080079bc                TIM_UpdateRequestConfig
 .text.TIM_SelectHallSensor
                0x080079fc       0x40 ./Debug/stm32f10x_tim.o
                0x080079fc                TIM_SelectHallSensor
 .text.TIM_SelectOnePulseMode
                0x08007a3c       0x38 ./Debug/stm32f10x_tim.o
                0x08007a3c                TIM_SelectOnePulseMode
 .text.TIM_SelectOutputTrigger
                0x08007a74       0x38 ./Debug/stm32f10x_tim.o
                0x08007a74                TIM_SelectOutputTrigger
 .text.TIM_SelectSlaveMode
                0x08007aac       0x38 ./Debug/stm32f10x_tim.o
                0x08007aac                TIM_SelectSlaveMode
 .text.TIM_SelectMasterSlaveMode
                0x08007ae4       0x38 ./Debug/stm32f10x_tim.o
                0x08007ae4                TIM_SelectMasterSlaveMode
 .text.TIM_SetCounter
                0x08007b1c       0x1c ./Debug/stm32f10x_tim.o
                0x08007b1c                TIM_SetCounter
 .text.TIM_SetAutoreload
                0x08007b38       0x1c ./Debug/stm32f10x_tim.o
                0x08007b38                TIM_SetAutoreload
 .text.TIM_SetCompare1
                0x08007b54       0x1c ./Debug/stm32f10x_tim.o
                0x08007b54                TIM_SetCompare1
 .text.TIM_SetCompare2
                0x08007b70       0x1c ./Debug/stm32f10x_tim.o
                0x08007b70                TIM_SetCompare2
 .text.TIM_SetCompare3
                0x08007b8c       0x1c ./Debug/stm32f10x_tim.o
                0x08007b8c                TIM_SetCompare3
 .text.TIM_SetCompare4
                0x08007ba8       0x20 ./Debug/stm32f10x_tim.o
                0x08007ba8                TIM_SetCompare4
 .text.TIM_SetIC1Prescaler
                0x08007bc8       0x38 ./Debug/stm32f10x_tim.o
                0x08007bc8                TIM_SetIC1Prescaler
 .text.TIM_SetIC2Prescaler
                0x08007c00       0x3c ./Debug/stm32f10x_tim.o
                0x08007c00                TIM_SetIC2Prescaler
 .text.TIM_SetIC3Prescaler
                0x08007c3c       0x38 ./Debug/stm32f10x_tim.o
                0x08007c3c                TIM_SetIC3Prescaler
 .text.TIM_SetIC4Prescaler
                0x08007c74       0x3c ./Debug/stm32f10x_tim.o
                0x08007c74                TIM_SetIC4Prescaler
 .text.TIM_SetClockDivision
                0x08007cb0       0x38 ./Debug/stm32f10x_tim.o
                0x08007cb0                TIM_SetClockDivision
 .text.TIM_GetCapture1
                0x08007ce8       0x1c ./Debug/stm32f10x_tim.o
                0x08007ce8                TIM_GetCapture1
 .text.TIM_GetCapture2
                0x08007d04       0x1c ./Debug/stm32f10x_tim.o
                0x08007d04                TIM_GetCapture2
 .text.TIM_GetCapture3
                0x08007d20       0x1c ./Debug/stm32f10x_tim.o
                0x08007d20                TIM_GetCapture3
 .text.TIM_GetCapture4
                0x08007d3c       0x1c ./Debug/stm32f10x_tim.o
                0x08007d3c                TIM_GetCapture4
 .text.TIM_GetCounter
                0x08007d58       0x1c ./Debug/stm32f10x_tim.o
                0x08007d58                TIM_GetCounter
 .text.TIM_GetPrescaler
                0x08007d74       0x1c ./Debug/stm32f10x_tim.o
                0x08007d74                TIM_GetPrescaler
 .text.TIM_GetFlagStatus
                0x08007d90       0x40 ./Debug/stm32f10x_tim.o
                0x08007d90                TIM_GetFlagStatus
 .text.TIM_ClearFlag
                0x08007dd0       0x24 ./Debug/stm32f10x_tim.o
                0x08007dd0                TIM_ClearFlag
 .text.TIM_GetITStatus
                0x08007df4       0x60 ./Debug/stm32f10x_tim.o
                0x08007df4                TIM_GetITStatus
 .text.TIM_ClearITPendingBit
                0x08007e54       0x24 ./Debug/stm32f10x_tim.o
                0x08007e54                TIM_ClearITPendingBit
 .text.TI1_Config
                0x08007e78       0xdc ./Debug/stm32f10x_tim.o
 .text.TI2_Config
                0x08007f54       0xf8 ./Debug/stm32f10x_tim.o
 .text.TI3_Config
                0x0800804c       0xe8 ./Debug/stm32f10x_tim.o
 .text.TI4_Config
                0x08008134      0x100 ./Debug/stm32f10x_tim.o
 .text          0x08008234        0x0 ./Debug/stm32f10x_usart.o
 .text.__enable_irq
                0x08008234        0xc ./Debug/stm32f10x_usart.o
 .text.__disable_irq
                0x08008240        0xc ./Debug/stm32f10x_usart.o
 .text.__enable_fault_irq
                0x0800824c        0xc ./Debug/stm32f10x_usart.o
 .text.__disable_fault_irq
                0x08008258        0xc ./Debug/stm32f10x_usart.o
 .text.__NOP    0x08008264        0xc ./Debug/stm32f10x_usart.o
 .text.__WFI    0x08008270        0xc ./Debug/stm32f10x_usart.o
 .text.__WFE    0x0800827c        0xc ./Debug/stm32f10x_usart.o
 .text.__SEV    0x08008288        0xc ./Debug/stm32f10x_usart.o
 .text.__ISB    0x08008294       0x10 ./Debug/stm32f10x_usart.o
 .text.__DSB    0x080082a4       0x10 ./Debug/stm32f10x_usart.o
 .text.__DMB    0x080082b4       0x10 ./Debug/stm32f10x_usart.o
 .text.__CLREX  0x080082c4       0x10 ./Debug/stm32f10x_usart.o
 .text.NVIC_SetPriorityGrouping
                0x080082d4       0x48 ./Debug/stm32f10x_usart.o
 .text.NVIC_GetPriorityGrouping
                0x0800831c       0x1c ./Debug/stm32f10x_usart.o
 .text.NVIC_EnableIRQ
                0x08008338       0x34 ./Debug/stm32f10x_usart.o
 .text.NVIC_DisableIRQ
                0x0800836c       0x38 ./Debug/stm32f10x_usart.o
 .text.NVIC_GetPendingIRQ
                0x080083a4       0x4c ./Debug/stm32f10x_usart.o
 .text.NVIC_SetPendingIRQ
                0x080083f0       0x38 ./Debug/stm32f10x_usart.o
 .text.NVIC_ClearPendingIRQ
                0x08008428       0x38 ./Debug/stm32f10x_usart.o
 .text.NVIC_GetActive
                0x08008460       0x4c ./Debug/stm32f10x_usart.o
 .text.NVIC_SetPriority
                0x080084ac       0x58 ./Debug/stm32f10x_usart.o
 .text.NVIC_GetPriority
                0x08008504       0x54 ./Debug/stm32f10x_usart.o
 .text.NVIC_EncodePriority
                0x08008558       0x78 ./Debug/stm32f10x_usart.o
 .text.NVIC_DecodePriority
                0x080085d0       0x7c ./Debug/stm32f10x_usart.o
 .text.SysTick_Config
                0x0800864c       0x54 ./Debug/stm32f10x_usart.o
 .text.NVIC_SystemReset
                0x080086a0       0x24 ./Debug/stm32f10x_usart.o
 .text.ITM_SendChar
                0x080086c4       0x5c ./Debug/stm32f10x_usart.o
 .text.ITM_ReceiveChar
                0x08008720       0x38 ./Debug/stm32f10x_usart.o
 .text.ITM_CheckChar
                0x08008758       0x28 ./Debug/stm32f10x_usart.o
 .text.USART_DeInit
                0x08008780       0xcc ./Debug/stm32f10x_usart.o
                0x08008780                USART_DeInit
 .text.USART_Init
                0x0800884c      0x19c ./Debug/stm32f10x_usart.o
                0x0800884c                USART_Init
 .text.USART_StructInit
                0x080089e8       0x44 ./Debug/stm32f10x_usart.o
                0x080089e8                USART_StructInit
 .text.USART_ClockInit
                0x08008a2c       0x58 ./Debug/stm32f10x_usart.o
                0x08008a2c                USART_ClockInit
 .text.USART_ClockStructInit
                0x08008a84       0x34 ./Debug/stm32f10x_usart.o
                0x08008a84                USART_ClockStructInit
 .text.USART_Cmd
                0x08008ab8       0x40 ./Debug/stm32f10x_usart.o
                0x08008ab8                USART_Cmd
 .text.USART_ITConfig
                0x08008af8       0xa4 ./Debug/stm32f10x_usart.o
                0x08008af8                USART_ITConfig
 .text.USART_DMACmd
                0x08008b9c       0x48 ./Debug/stm32f10x_usart.o
                0x08008b9c                USART_DMACmd
 .text.USART_SetAddress
                0x08008be4       0x38 ./Debug/stm32f10x_usart.o
                0x08008be4                USART_SetAddress
 .text.USART_WakeUpConfig
                0x08008c1c       0x38 ./Debug/stm32f10x_usart.o
                0x08008c1c                USART_WakeUpConfig
 .text.USART_ReceiverWakeUpCmd
                0x08008c54       0x40 ./Debug/stm32f10x_usart.o
                0x08008c54                USART_ReceiverWakeUpCmd
 .text.USART_LINBreakDetectLengthConfig
                0x08008c94       0x38 ./Debug/stm32f10x_usart.o
                0x08008c94                USART_LINBreakDetectLengthConfig
 .text.USART_LINCmd
                0x08008ccc       0x40 ./Debug/stm32f10x_usart.o
                0x08008ccc                USART_LINCmd
 .text.USART_SendData
                0x08008d0c       0x28 ./Debug/stm32f10x_usart.o
                0x08008d0c                USART_SendData
 .text.USART_ReceiveData
                0x08008d34       0x24 ./Debug/stm32f10x_usart.o
                0x08008d34                USART_ReceiveData
 .text.USART_SendBreak
                0x08008d58       0x24 ./Debug/stm32f10x_usart.o
                0x08008d58                USART_SendBreak
 .text.USART_SetGuardTime
                0x08008d7c       0x3c ./Debug/stm32f10x_usart.o
                0x08008d7c                USART_SetGuardTime
 .text.USART_SetPrescaler
                0x08008db8       0x38 ./Debug/stm32f10x_usart.o
                0x08008db8                USART_SetPrescaler
 .text.USART_SmartCardCmd
                0x08008df0       0x40 ./Debug/stm32f10x_usart.o
                0x08008df0                USART_SmartCardCmd
 .text.USART_SmartCardNACKCmd
                0x08008e30       0x40 ./Debug/stm32f10x_usart.o
                0x08008e30                USART_SmartCardNACKCmd
 .text.USART_HalfDuplexCmd
                0x08008e70       0x40 ./Debug/stm32f10x_usart.o
                0x08008e70                USART_HalfDuplexCmd
 .text.USART_OverSampling8Cmd
                0x08008eb0       0x48 ./Debug/stm32f10x_usart.o
                0x08008eb0                USART_OverSampling8Cmd
 .text.USART_OneBitMethodCmd
                0x08008ef8       0x40 ./Debug/stm32f10x_usart.o
                0x08008ef8                USART_OneBitMethodCmd
 .text.USART_IrDAConfig
                0x08008f38       0x38 ./Debug/stm32f10x_usart.o
                0x08008f38                USART_IrDAConfig
 .text.USART_IrDACmd
                0x08008f70       0x40 ./Debug/stm32f10x_usart.o
                0x08008f70                USART_IrDACmd
 .text.USART_GetFlagStatus
                0x08008fb0       0x40 ./Debug/stm32f10x_usart.o
                0x08008fb0                USART_GetFlagStatus
 .text.USART_ClearFlag
                0x08008ff0       0x24 ./Debug/stm32f10x_usart.o
                0x08008ff0                USART_ClearFlag
 .text.USART_GetITStatus
                0x08009014       0xc4 ./Debug/stm32f10x_usart.o
                0x08009014                USART_GetITStatus
 .text.USART_ClearITPendingBit
                0x080090d8       0x44 ./Debug/stm32f10x_usart.o
                0x080090d8                USART_ClearITPendingBit
 .text          0x0800911c        0x0 ./Debug/stm32f10x_fsmc.o
 .text.__enable_irq
                0x0800911c        0xc ./Debug/stm32f10x_fsmc.o
 .text.__disable_irq
                0x08009128        0xc ./Debug/stm32f10x_fsmc.o
 .text.__enable_fault_irq
                0x08009134        0xc ./Debug/stm32f10x_fsmc.o
 .text.__disable_fault_irq
                0x08009140        0xc ./Debug/stm32f10x_fsmc.o
 .text.__NOP    0x0800914c        0xc ./Debug/stm32f10x_fsmc.o
 .text.__WFI    0x08009158        0xc ./Debug/stm32f10x_fsmc.o
 .text.__WFE    0x08009164        0xc ./Debug/stm32f10x_fsmc.o
 .text.__SEV    0x08009170        0xc ./Debug/stm32f10x_fsmc.o
 .text.__ISB    0x0800917c       0x10 ./Debug/stm32f10x_fsmc.o
 .text.__DSB    0x0800918c       0x10 ./Debug/stm32f10x_fsmc.o
 .text.__DMB    0x0800919c       0x10 ./Debug/stm32f10x_fsmc.o
 .text.__CLREX  0x080091ac       0x10 ./Debug/stm32f10x_fsmc.o
 .text.NVIC_SetPriorityGrouping
                0x080091bc       0x48 ./Debug/stm32f10x_fsmc.o
 .text.NVIC_GetPriorityGrouping
                0x08009204       0x1c ./Debug/stm32f10x_fsmc.o
 .text.NVIC_EnableIRQ
                0x08009220       0x34 ./Debug/stm32f10x_fsmc.o
 .text.NVIC_DisableIRQ
                0x08009254       0x38 ./Debug/stm32f10x_fsmc.o
 .text.NVIC_GetPendingIRQ
                0x0800928c       0x4c ./Debug/stm32f10x_fsmc.o
 .text.NVIC_SetPendingIRQ
                0x080092d8       0x38 ./Debug/stm32f10x_fsmc.o
 .text.NVIC_ClearPendingIRQ
                0x08009310       0x38 ./Debug/stm32f10x_fsmc.o
 .text.NVIC_GetActive
                0x08009348       0x4c ./Debug/stm32f10x_fsmc.o
 .text.NVIC_SetPriority
                0x08009394       0x58 ./Debug/stm32f10x_fsmc.o
 .text.NVIC_GetPriority
                0x080093ec       0x54 ./Debug/stm32f10x_fsmc.o
 .text.NVIC_EncodePriority
                0x08009440       0x78 ./Debug/stm32f10x_fsmc.o
 .text.NVIC_DecodePriority
                0x080094b8       0x7c ./Debug/stm32f10x_fsmc.o
 .text.SysTick_Config
                0x08009534       0x54 ./Debug/stm32f10x_fsmc.o
 .text.NVIC_SystemReset
                0x08009588       0x24 ./Debug/stm32f10x_fsmc.o
 .text.ITM_SendChar
                0x080095ac       0x5c ./Debug/stm32f10x_fsmc.o
 .text.ITM_ReceiveChar
                0x08009608       0x38 ./Debug/stm32f10x_fsmc.o
 .text.ITM_CheckChar
                0x08009640       0x28 ./Debug/stm32f10x_fsmc.o
 .text.FSMC_NORSRAMDeInit
                0x08009668       0x58 ./Debug/stm32f10x_fsmc.o
                0x08009668                FSMC_NORSRAMDeInit
 .text.FSMC_NANDDeInit
                0x080096c0       0x64 ./Debug/stm32f10x_fsmc.o
                0x080096c0                FSMC_NANDDeInit
 .text.FSMC_PCCARDDeInit
                0x08009724       0x38 ./Debug/stm32f10x_fsmc.o
                0x08009724                FSMC_PCCARDDeInit
 .text.FSMC_NORSRAMInit
                0x0800975c      0x148 ./Debug/stm32f10x_fsmc.o
                0x0800975c                FSMC_NORSRAMInit
 .text.FSMC_NANDInit
                0x080098a4       0xe4 ./Debug/stm32f10x_fsmc.o
                0x080098a4                FSMC_NANDInit
 .text.FSMC_PCCARDInit
                0x08009988       0xc0 ./Debug/stm32f10x_fsmc.o
                0x08009988                FSMC_PCCARDInit
 .text.FSMC_NORSRAMStructInit
                0x08009a48      0x108 ./Debug/stm32f10x_fsmc.o
                0x08009a48                FSMC_NORSRAMStructInit
 .text.FSMC_NANDStructInit
                0x08009b50       0x9c ./Debug/stm32f10x_fsmc.o
                0x08009b50                FSMC_NANDStructInit
 .text.FSMC_PCCARDStructInit
                0x08009bec       0xa4 ./Debug/stm32f10x_fsmc.o
                0x08009bec                FSMC_PCCARDStructInit
 .text.FSMC_NORSRAMCmd
                0x08009c90       0x54 ./Debug/stm32f10x_fsmc.o
                0x08009c90                FSMC_NORSRAMCmd
 .text.FSMC_NANDCmd
                0x08009ce4       0x6c ./Debug/stm32f10x_fsmc.o
                0x08009ce4                FSMC_NANDCmd
 .text.FSMC_PCCARDCmd
                0x08009d50       0x3c ./Debug/stm32f10x_fsmc.o
                0x08009d50                FSMC_PCCARDCmd
 .text.FSMC_NANDECCCmd
                0x08009d8c       0x6c ./Debug/stm32f10x_fsmc.o
                0x08009d8c                FSMC_NANDECCCmd
 .text.FSMC_GetECC
                0x08009df8       0x38 ./Debug/stm32f10x_fsmc.o
                0x08009df8                FSMC_GetECC
 .text.FSMC_ITConfig
                0x08009e30       0xa4 ./Debug/stm32f10x_fsmc.o
                0x08009e30                FSMC_ITConfig
 .text.FSMC_GetFlagStatus
                0x08009ed4       0x6c ./Debug/stm32f10x_fsmc.o
                0x08009ed4                FSMC_GetFlagStatus
 .text.FSMC_ClearFlag
                0x08009f40       0x64 ./Debug/stm32f10x_fsmc.o
                0x08009f40                FSMC_ClearFlag
 .text.FSMC_GetITStatus
                0x08009fa4       0x90 ./Debug/stm32f10x_fsmc.o
                0x08009fa4                FSMC_GetITStatus
 .text.FSMC_ClearITPendingBit
                0x0800a034       0x70 ./Debug/stm32f10x_fsmc.o
                0x0800a034                FSMC_ClearITPendingBit
 .text          0x0800a0a4        0x0 ./Debug/stm32f10x_flash.o
 .text.__enable_irq
                0x0800a0a4        0xc ./Debug/stm32f10x_flash.o
 .text.__disable_irq
                0x0800a0b0        0xc ./Debug/stm32f10x_flash.o
 .text.__enable_fault_irq
                0x0800a0bc        0xc ./Debug/stm32f10x_flash.o
 .text.__disable_fault_irq
                0x0800a0c8        0xc ./Debug/stm32f10x_flash.o
 .text.__NOP    0x0800a0d4        0xc ./Debug/stm32f10x_flash.o
 .text.__WFI    0x0800a0e0        0xc ./Debug/stm32f10x_flash.o
 .text.__WFE    0x0800a0ec        0xc ./Debug/stm32f10x_flash.o
 .text.__SEV    0x0800a0f8        0xc ./Debug/stm32f10x_flash.o
 .text.__ISB    0x0800a104       0x10 ./Debug/stm32f10x_flash.o
 .text.__DSB    0x0800a114       0x10 ./Debug/stm32f10x_flash.o
 .text.__DMB    0x0800a124       0x10 ./Debug/stm32f10x_flash.o
 .text.__CLREX  0x0800a134       0x10 ./Debug/stm32f10x_flash.o
 .text.NVIC_SetPriorityGrouping
                0x0800a144       0x48 ./Debug/stm32f10x_flash.o
 .text.NVIC_GetPriorityGrouping
                0x0800a18c       0x1c ./Debug/stm32f10x_flash.o
 .text.NVIC_EnableIRQ
                0x0800a1a8       0x34 ./Debug/stm32f10x_flash.o
 .text.NVIC_DisableIRQ
                0x0800a1dc       0x38 ./Debug/stm32f10x_flash.o
 .text.NVIC_GetPendingIRQ
                0x0800a214       0x4c ./Debug/stm32f10x_flash.o
 .text.NVIC_SetPendingIRQ
                0x0800a260       0x38 ./Debug/stm32f10x_flash.o
 .text.NVIC_ClearPendingIRQ
                0x0800a298       0x38 ./Debug/stm32f10x_flash.o
 .text.NVIC_GetActive
                0x0800a2d0       0x4c ./Debug/stm32f10x_flash.o
 .text.NVIC_SetPriority
                0x0800a31c       0x58 ./Debug/stm32f10x_flash.o
 .text.NVIC_GetPriority
                0x0800a374       0x54 ./Debug/stm32f10x_flash.o
 .text.NVIC_EncodePriority
                0x0800a3c8       0x78 ./Debug/stm32f10x_flash.o
 .text.NVIC_DecodePriority
                0x0800a440       0x7c ./Debug/stm32f10x_flash.o
 .text.SysTick_Config
                0x0800a4bc       0x54 ./Debug/stm32f10x_flash.o
 .text.NVIC_SystemReset
                0x0800a510       0x24 ./Debug/stm32f10x_flash.o
 .text.ITM_SendChar
                0x0800a534       0x5c ./Debug/stm32f10x_flash.o
 .text.ITM_ReceiveChar
                0x0800a590       0x38 ./Debug/stm32f10x_flash.o
 .text.ITM_CheckChar
                0x0800a5c8       0x28 ./Debug/stm32f10x_flash.o
 .text.FLASH_SetLatency
                0x0800a5f0       0x38 ./Debug/stm32f10x_flash.o
                0x0800a5f0                FLASH_SetLatency
 .text.FLASH_HalfCycleAccessCmd
                0x0800a628       0x30 ./Debug/stm32f10x_flash.o
                0x0800a628                FLASH_HalfCycleAccessCmd
 .text.FLASH_PrefetchBufferCmd
                0x0800a658       0x30 ./Debug/stm32f10x_flash.o
                0x0800a658                FLASH_PrefetchBufferCmd
 .text.FLASH_Unlock
                0x0800a688       0x24 ./Debug/stm32f10x_flash.o
                0x0800a688                FLASH_Unlock
 .text.FLASH_UnlockBank1
                0x0800a6ac       0x24 ./Debug/stm32f10x_flash.o
                0x0800a6ac                FLASH_UnlockBank1
 .text.FLASH_Lock
                0x0800a6d0       0x1c ./Debug/stm32f10x_flash.o
                0x0800a6d0                FLASH_Lock
 .text.FLASH_LockBank1
                0x0800a6ec       0x1c ./Debug/stm32f10x_flash.o
                0x0800a6ec                FLASH_LockBank1
 .text.FLASH_ErasePage
                0x0800a708       0x68 ./Debug/stm32f10x_flash.o
                0x0800a708                FLASH_ErasePage
 .text.FLASH_EraseAllPages
                0x0800a770       0x60 ./Debug/stm32f10x_flash.o
                0x0800a770                FLASH_EraseAllPages
 .text.FLASH_EraseAllBank1Pages
                0x0800a7d0       0x60 ./Debug/stm32f10x_flash.o
                0x0800a7d0                FLASH_EraseAllBank1Pages
 .text.FLASH_EraseOptionBytes
                0x0800a830       0xdc ./Debug/stm32f10x_flash.o
                0x0800a830                FLASH_EraseOptionBytes
 .text.FLASH_ProgramWord
                0x0800a90c       0x9c ./Debug/stm32f10x_flash.o
                0x0800a90c                FLASH_ProgramWord
 .text.FLASH_ProgramHalfWord
                0x0800a9a8       0x60 ./Debug/stm32f10x_flash.o
                0x0800a9a8                FLASH_ProgramHalfWord
 .text.FLASH_ProgramOptionByteData
                0x0800aa08       0x7c ./Debug/stm32f10x_flash.o
                0x0800aa08                FLASH_ProgramOptionByteData
 .text.FLASH_EnableWriteProtection
                0x0800aa84      0x124 ./Debug/stm32f10x_flash.o
                0x0800aa84                FLASH_EnableWriteProtection
 .text.FLASH_ReadOutProtection
                0x0800aba8       0xdc ./Debug/stm32f10x_flash.o
                0x0800aba8                FLASH_ReadOutProtection
 .text.FLASH_UserOptionByteConfig
                0x0800ac84       0x98 ./Debug/stm32f10x_flash.o
                0x0800ac84                FLASH_UserOptionByteConfig
 .text.FLASH_GetUserOptionByte
                0x0800ad1c       0x18 ./Debug/stm32f10x_flash.o
                0x0800ad1c                FLASH_GetUserOptionByte
 .text.FLASH_GetWriteProtectionOptionByte
                0x0800ad34       0x14 ./Debug/stm32f10x_flash.o
                0x0800ad34                FLASH_GetWriteProtectionOptionByte
 .text.FLASH_GetReadOutProtectionStatus
                0x0800ad48       0x38 ./Debug/stm32f10x_flash.o
                0x0800ad48                FLASH_GetReadOutProtectionStatus
 .text.FLASH_GetPrefetchBufferStatus
                0x0800ad80       0x38 ./Debug/stm32f10x_flash.o
                0x0800ad80                FLASH_GetPrefetchBufferStatus
 .text.FLASH_ITConfig
                0x0800adb8       0x40 ./Debug/stm32f10x_flash.o
                0x0800adb8                FLASH_ITConfig
 .text.FLASH_GetFlagStatus
                0x0800adf8       0x5c ./Debug/stm32f10x_flash.o
                0x0800adf8                FLASH_GetFlagStatus
 .text.FLASH_ClearFlag
                0x0800ae54       0x1c ./Debug/stm32f10x_flash.o
                0x0800ae54                FLASH_ClearFlag
 .text.FLASH_GetStatus
                0x0800ae70       0x60 ./Debug/stm32f10x_flash.o
                0x0800ae70                FLASH_GetStatus
 .text.FLASH_GetBank1Status
                0x0800aed0       0x60 ./Debug/stm32f10x_flash.o
                0x0800aed0                FLASH_GetBank1Status
 .text.FLASH_WaitForLastOperation
                0x0800af30       0x4c ./Debug/stm32f10x_flash.o
                0x0800af30                FLASH_WaitForLastOperation
 .text.FLASH_WaitForLastBank1Operation
                0x0800af7c       0x4c ./Debug/stm32f10x_flash.o
                0x0800af7c                FLASH_WaitForLastBank1Operation
 .text          0x0800afc8        0x0 ./Debug/stm32f10x_exti.o
 .text.__enable_irq
                0x0800afc8        0xc ./Debug/stm32f10x_exti.o
 .text.__disable_irq
                0x0800afd4        0xc ./Debug/stm32f10x_exti.o
 .text.__enable_fault_irq
                0x0800afe0        0xc ./Debug/stm32f10x_exti.o
 .text.__disable_fault_irq
                0x0800afec        0xc ./Debug/stm32f10x_exti.o
 .text.__NOP    0x0800aff8        0xc ./Debug/stm32f10x_exti.o
 .text.__WFI    0x0800b004        0xc ./Debug/stm32f10x_exti.o
 .text.__WFE    0x0800b010        0xc ./Debug/stm32f10x_exti.o
 .text.__SEV    0x0800b01c        0xc ./Debug/stm32f10x_exti.o
 .text.__ISB    0x0800b028       0x10 ./Debug/stm32f10x_exti.o
 .text.__DSB    0x0800b038       0x10 ./Debug/stm32f10x_exti.o
 .text.__DMB    0x0800b048       0x10 ./Debug/stm32f10x_exti.o
 .text.__CLREX  0x0800b058       0x10 ./Debug/stm32f10x_exti.o
 .text.NVIC_SetPriorityGrouping
                0x0800b068       0x48 ./Debug/stm32f10x_exti.o
 .text.NVIC_GetPriorityGrouping
                0x0800b0b0       0x1c ./Debug/stm32f10x_exti.o
 .text.NVIC_EnableIRQ
                0x0800b0cc       0x34 ./Debug/stm32f10x_exti.o
 .text.NVIC_DisableIRQ
                0x0800b100       0x38 ./Debug/stm32f10x_exti.o
 .text.NVIC_GetPendingIRQ
                0x0800b138       0x4c ./Debug/stm32f10x_exti.o
 .text.NVIC_SetPendingIRQ
                0x0800b184       0x38 ./Debug/stm32f10x_exti.o
 .text.NVIC_ClearPendingIRQ
                0x0800b1bc       0x38 ./Debug/stm32f10x_exti.o
 .text.NVIC_GetActive
                0x0800b1f4       0x4c ./Debug/stm32f10x_exti.o
 .text.NVIC_SetPriority
                0x0800b240       0x58 ./Debug/stm32f10x_exti.o
 .text.NVIC_GetPriority
                0x0800b298       0x54 ./Debug/stm32f10x_exti.o
 .text.NVIC_EncodePriority
                0x0800b2ec       0x78 ./Debug/stm32f10x_exti.o
 .text.NVIC_DecodePriority
                0x0800b364       0x7c ./Debug/stm32f10x_exti.o
 .text.SysTick_Config
                0x0800b3e0       0x54 ./Debug/stm32f10x_exti.o
 .text.NVIC_SystemReset
                0x0800b434       0x24 ./Debug/stm32f10x_exti.o
 .text.ITM_SendChar
                0x0800b458       0x5c ./Debug/stm32f10x_exti.o
 .text.ITM_ReceiveChar
                0x0800b4b4       0x38 ./Debug/stm32f10x_exti.o
 .text.ITM_CheckChar
                0x0800b4ec       0x28 ./Debug/stm32f10x_exti.o
 .text.EXTI_DeInit
                0x0800b514       0x38 ./Debug/stm32f10x_exti.o
                0x0800b514                EXTI_DeInit
 .text.EXTI_Init
                0x0800b54c       0xe8 ./Debug/stm32f10x_exti.o
                0x0800b54c                EXTI_Init
 .text.EXTI_StructInit
                0x0800b634       0x34 ./Debug/stm32f10x_exti.o
                0x0800b634                EXTI_StructInit
 .text.EXTI_GenerateSWInterrupt
                0x0800b668       0x24 ./Debug/stm32f10x_exti.o
                0x0800b668                EXTI_GenerateSWInterrupt
 .text.EXTI_GetFlagStatus
                0x0800b68c       0x3c ./Debug/stm32f10x_exti.o
                0x0800b68c                EXTI_GetFlagStatus
 .text.EXTI_ClearFlag
                0x0800b6c8       0x1c ./Debug/stm32f10x_exti.o
                0x0800b6c8                EXTI_ClearFlag
 .text.EXTI_GetITStatus
                0x0800b6e4       0x50 ./Debug/stm32f10x_exti.o
                0x0800b6e4                EXTI_GetITStatus
 .text.EXTI_ClearITPendingBit
                0x0800b734       0x1c ./Debug/stm32f10x_exti.o
                0x0800b734                EXTI_ClearITPendingBit
 .text          0x0800b750        0x0 ./Debug/stm32f10x_dma.o
 .text.__enable_irq
                0x0800b750        0xc ./Debug/stm32f10x_dma.o
 .text.__disable_irq
                0x0800b75c        0xc ./Debug/stm32f10x_dma.o
 .text.__enable_fault_irq
                0x0800b768        0xc ./Debug/stm32f10x_dma.o
 .text.__disable_fault_irq
                0x0800b774        0xc ./Debug/stm32f10x_dma.o
 .text.__NOP    0x0800b780        0xc ./Debug/stm32f10x_dma.o
 .text.__WFI    0x0800b78c        0xc ./Debug/stm32f10x_dma.o
 .text.__WFE    0x0800b798        0xc ./Debug/stm32f10x_dma.o
 .text.__SEV    0x0800b7a4        0xc ./Debug/stm32f10x_dma.o
 .text.__ISB    0x0800b7b0       0x10 ./Debug/stm32f10x_dma.o
 .text.__DSB    0x0800b7c0       0x10 ./Debug/stm32f10x_dma.o
 .text.__DMB    0x0800b7d0       0x10 ./Debug/stm32f10x_dma.o
 .text.__CLREX  0x0800b7e0       0x10 ./Debug/stm32f10x_dma.o
 .text.NVIC_SetPriorityGrouping
                0x0800b7f0       0x48 ./Debug/stm32f10x_dma.o
 .text.NVIC_GetPriorityGrouping
                0x0800b838       0x1c ./Debug/stm32f10x_dma.o
 .text.NVIC_EnableIRQ
                0x0800b854       0x34 ./Debug/stm32f10x_dma.o
 .text.NVIC_DisableIRQ
                0x0800b888       0x38 ./Debug/stm32f10x_dma.o
 .text.NVIC_GetPendingIRQ
                0x0800b8c0       0x4c ./Debug/stm32f10x_dma.o
 .text.NVIC_SetPendingIRQ
                0x0800b90c       0x38 ./Debug/stm32f10x_dma.o
 .text.NVIC_ClearPendingIRQ
                0x0800b944       0x38 ./Debug/stm32f10x_dma.o
 .text.NVIC_GetActive
                0x0800b97c       0x4c ./Debug/stm32f10x_dma.o
 .text.NVIC_SetPriority
                0x0800b9c8       0x58 ./Debug/stm32f10x_dma.o
 .text.NVIC_GetPriority
                0x0800ba20       0x54 ./Debug/stm32f10x_dma.o
 .text.NVIC_EncodePriority
                0x0800ba74       0x78 ./Debug/stm32f10x_dma.o
 .text.NVIC_DecodePriority
                0x0800baec       0x7c ./Debug/stm32f10x_dma.o
 .text.SysTick_Config
                0x0800bb68       0x54 ./Debug/stm32f10x_dma.o
 .text.NVIC_SystemReset
                0x0800bbbc       0x24 ./Debug/stm32f10x_dma.o
 .text.ITM_SendChar
                0x0800bbe0       0x5c ./Debug/stm32f10x_dma.o
 .text.ITM_ReceiveChar
                0x0800bc3c       0x38 ./Debug/stm32f10x_dma.o
 .text.ITM_CheckChar
                0x0800bc74       0x28 ./Debug/stm32f10x_dma.o
 .text.DMA_DeInit
                0x0800bc9c      0x180 ./Debug/stm32f10x_dma.o
                0x0800bc9c                DMA_DeInit
 .text.DMA_Init
                0x0800be1c       0x80 ./Debug/stm32f10x_dma.o
                0x0800be1c                DMA_Init
 .text.DMA_StructInit
                0x0800be9c       0x6c ./Debug/stm32f10x_dma.o
                0x0800be9c                DMA_StructInit
 .text.DMA_Cmd  0x0800bf08       0x38 ./Debug/stm32f10x_dma.o
                0x0800bf08                DMA_Cmd
 .text.DMA_ITConfig
                0x0800bf40       0x3c ./Debug/stm32f10x_dma.o
                0x0800bf40                DMA_ITConfig
 .text.DMA_SetCurrDataCounter
                0x0800bf7c       0x1c ./Debug/stm32f10x_dma.o
                0x0800bf7c                DMA_SetCurrDataCounter
 .text.DMA_GetCurrDataCounter
                0x0800bf98       0x1c ./Debug/stm32f10x_dma.o
                0x0800bf98                DMA_GetCurrDataCounter
 .text.DMA_GetFlagStatus
                0x0800bfb4       0x5c ./Debug/stm32f10x_dma.o
                0x0800bfb4                DMA_GetFlagStatus
 .text.DMA_ClearFlag
                0x0800c010       0x34 ./Debug/stm32f10x_dma.o
                0x0800c010                DMA_ClearFlag
 .text.DMA_GetITStatus
                0x0800c044       0x5c ./Debug/stm32f10x_dma.o
                0x0800c044                DMA_GetITStatus
 .text.DMA_ClearITPendingBit
                0x0800c0a0       0x34 ./Debug/stm32f10x_dma.o
                0x0800c0a0                DMA_ClearITPendingBit
 .text          0x0800c0d4        0x0 ./Debug/stm32f10x_sdio.o
 .text.__enable_irq
                0x0800c0d4        0xc ./Debug/stm32f10x_sdio.o
 .text.__disable_irq
                0x0800c0e0        0xc ./Debug/stm32f10x_sdio.o
 .text.__enable_fault_irq
                0x0800c0ec        0xc ./Debug/stm32f10x_sdio.o
 .text.__disable_fault_irq
                0x0800c0f8        0xc ./Debug/stm32f10x_sdio.o
 .text.__NOP    0x0800c104        0xc ./Debug/stm32f10x_sdio.o
 .text.__WFI    0x0800c110        0xc ./Debug/stm32f10x_sdio.o
 .text.__WFE    0x0800c11c        0xc ./Debug/stm32f10x_sdio.o
 .text.__SEV    0x0800c128        0xc ./Debug/stm32f10x_sdio.o
 .text.__ISB    0x0800c134       0x10 ./Debug/stm32f10x_sdio.o
 .text.__DSB    0x0800c144       0x10 ./Debug/stm32f10x_sdio.o
 .text.__DMB    0x0800c154       0x10 ./Debug/stm32f10x_sdio.o
 .text.__CLREX  0x0800c164       0x10 ./Debug/stm32f10x_sdio.o
 .text.NVIC_SetPriorityGrouping
                0x0800c174       0x48 ./Debug/stm32f10x_sdio.o
 .text.NVIC_GetPriorityGrouping
                0x0800c1bc       0x1c ./Debug/stm32f10x_sdio.o
 .text.NVIC_EnableIRQ
                0x0800c1d8       0x34 ./Debug/stm32f10x_sdio.o
 .text.NVIC_DisableIRQ
                0x0800c20c       0x38 ./Debug/stm32f10x_sdio.o
 .text.NVIC_GetPendingIRQ
                0x0800c244       0x4c ./Debug/stm32f10x_sdio.o
 .text.NVIC_SetPendingIRQ
                0x0800c290       0x38 ./Debug/stm32f10x_sdio.o
 .text.NVIC_ClearPendingIRQ
                0x0800c2c8       0x38 ./Debug/stm32f10x_sdio.o
 .text.NVIC_GetActive
                0x0800c300       0x4c ./Debug/stm32f10x_sdio.o
 .text.NVIC_SetPriority
                0x0800c34c       0x58 ./Debug/stm32f10x_sdio.o
 .text.NVIC_GetPriority
                0x0800c3a4       0x54 ./Debug/stm32f10x_sdio.o
 .text.NVIC_EncodePriority
                0x0800c3f8       0x78 ./Debug/stm32f10x_sdio.o
 .text.NVIC_DecodePriority
                0x0800c470       0x7c ./Debug/stm32f10x_sdio.o
 .text.SysTick_Config
                0x0800c4ec       0x54 ./Debug/stm32f10x_sdio.o
 .text.NVIC_SystemReset
                0x0800c540       0x24 ./Debug/stm32f10x_sdio.o
 .text.ITM_SendChar
                0x0800c564       0x5c ./Debug/stm32f10x_sdio.o
 .text.ITM_ReceiveChar
                0x0800c5c0       0x38 ./Debug/stm32f10x_sdio.o
 .text.ITM_CheckChar
                0x0800c5f8       0x28 ./Debug/stm32f10x_sdio.o
 .text.SDIO_DeInit
                0x0800c620       0x58 ./Debug/stm32f10x_sdio.o
                0x0800c620                SDIO_DeInit
 .text.SDIO_Init
                0x0800c678       0x60 ./Debug/stm32f10x_sdio.o
                0x0800c678                SDIO_Init
 .text.SDIO_StructInit
                0x0800c6d8       0x44 ./Debug/stm32f10x_sdio.o
                0x0800c6d8                SDIO_StructInit
 .text.SDIO_ClockCmd
                0x0800c71c       0x20 ./Debug/stm32f10x_sdio.o
                0x0800c71c                SDIO_ClockCmd
 .text.SDIO_SetPowerState
                0x0800c73c       0x30 ./Debug/stm32f10x_sdio.o
                0x0800c73c                SDIO_SetPowerState
 .text.SDIO_GetPowerState
                0x0800c76c       0x18 ./Debug/stm32f10x_sdio.o
                0x0800c76c                SDIO_GetPowerState
 .text.SDIO_ITConfig
                0x0800c784       0x40 ./Debug/stm32f10x_sdio.o
                0x0800c784                SDIO_ITConfig
 .text.SDIO_DMACmd
                0x0800c7c4       0x20 ./Debug/stm32f10x_sdio.o
                0x0800c7c4                SDIO_DMACmd
 .text.SDIO_SendCommand
                0x0800c7e4       0x58 ./Debug/stm32f10x_sdio.o
                0x0800c7e4                SDIO_SendCommand
 .text.SDIO_CmdStructInit
                0x0800c83c       0x3c ./Debug/stm32f10x_sdio.o
                0x0800c83c                SDIO_CmdStructInit
 .text.SDIO_GetCommandResponse
                0x0800c878       0x18 ./Debug/stm32f10x_sdio.o
                0x0800c878                SDIO_GetCommandResponse
 .text.SDIO_GetResponse
                0x0800c890       0x2c ./Debug/stm32f10x_sdio.o
                0x0800c890                SDIO_GetResponse
 .text.SDIO_DataConfig
                0x0800c8bc       0x5c ./Debug/stm32f10x_sdio.o
                0x0800c8bc                SDIO_DataConfig
 .text.SDIO_DataStructInit
                0x0800c918       0x44 ./Debug/stm32f10x_sdio.o
                0x0800c918                SDIO_DataStructInit
 .text.SDIO_GetDataCounter
                0x0800c95c       0x14 ./Debug/stm32f10x_sdio.o
                0x0800c95c                SDIO_GetDataCounter
 .text.SDIO_ReadData
                0x0800c970       0x18 ./Debug/stm32f10x_sdio.o
                0x0800c970                SDIO_ReadData
 .text.SDIO_WriteData
                0x0800c988       0x20 ./Debug/stm32f10x_sdio.o
                0x0800c988                SDIO_WriteData
 .text.SDIO_GetFIFOCount
                0x0800c9a8       0x14 ./Debug/stm32f10x_sdio.o
                0x0800c9a8                SDIO_GetFIFOCount
 .text.SDIO_StartSDIOReadWait
                0x0800c9bc       0x20 ./Debug/stm32f10x_sdio.o
                0x0800c9bc                SDIO_StartSDIOReadWait
 .text.SDIO_StopSDIOReadWait
                0x0800c9dc       0x20 ./Debug/stm32f10x_sdio.o
                0x0800c9dc                SDIO_StopSDIOReadWait
 .text.SDIO_SetSDIOReadWaitMode
                0x0800c9fc       0x1c ./Debug/stm32f10x_sdio.o
                0x0800c9fc                SDIO_SetSDIOReadWaitMode
 .text.SDIO_SetSDIOOperation
                0x0800ca18       0x20 ./Debug/stm32f10x_sdio.o
                0x0800ca18                SDIO_SetSDIOOperation
 .text.SDIO_SendSDIOSuspendCmd
                0x0800ca38       0x20 ./Debug/stm32f10x_sdio.o
                0x0800ca38                SDIO_SendSDIOSuspendCmd
 .text.SDIO_CommandCompletionCmd
                0x0800ca58       0x20 ./Debug/stm32f10x_sdio.o
                0x0800ca58                SDIO_CommandCompletionCmd
 .text.SDIO_CEATAITCmd
                0x0800ca78       0x2c ./Debug/stm32f10x_sdio.o
                0x0800ca78                SDIO_CEATAITCmd
 .text.SDIO_SendCEATACmd
                0x0800caa4       0x20 ./Debug/stm32f10x_sdio.o
                0x0800caa4                SDIO_SendCEATACmd
 .text.SDIO_GetFlagStatus
                0x0800cac4       0x3c ./Debug/stm32f10x_sdio.o
                0x0800cac4                SDIO_GetFlagStatus
 .text.SDIO_ClearFlag
                0x0800cb00       0x1c ./Debug/stm32f10x_sdio.o
                0x0800cb00                SDIO_ClearFlag
 .text.SDIO_GetITStatus
                0x0800cb1c       0x3c ./Debug/stm32f10x_sdio.o
                0x0800cb1c                SDIO_GetITStatus
 .text.SDIO_ClearITPendingBit
                0x0800cb58       0x1c ./Debug/stm32f10x_sdio.o
                0x0800cb58                SDIO_ClearITPendingBit
 .text          0x0800cb74        0x0 ./Debug/stm32f10x_adc.o
 .text.__enable_irq
                0x0800cb74        0xc ./Debug/stm32f10x_adc.o
 .text.__disable_irq
                0x0800cb80        0xc ./Debug/stm32f10x_adc.o
 .text.__enable_fault_irq
                0x0800cb8c        0xc ./Debug/stm32f10x_adc.o
 .text.__disable_fault_irq
                0x0800cb98        0xc ./Debug/stm32f10x_adc.o
 .text.__NOP    0x0800cba4        0xc ./Debug/stm32f10x_adc.o
 .text.__WFI    0x0800cbb0        0xc ./Debug/stm32f10x_adc.o
 .text.__WFE    0x0800cbbc        0xc ./Debug/stm32f10x_adc.o
 .text.__SEV    0x0800cbc8        0xc ./Debug/stm32f10x_adc.o
 .text.__ISB    0x0800cbd4       0x10 ./Debug/stm32f10x_adc.o
 .text.__DSB    0x0800cbe4       0x10 ./Debug/stm32f10x_adc.o
 .text.__DMB    0x0800cbf4       0x10 ./Debug/stm32f10x_adc.o
 .text.__CLREX  0x0800cc04       0x10 ./Debug/stm32f10x_adc.o
 .text.NVIC_SetPriorityGrouping
                0x0800cc14       0x48 ./Debug/stm32f10x_adc.o
 .text.NVIC_GetPriorityGrouping
                0x0800cc5c       0x1c ./Debug/stm32f10x_adc.o
 .text.NVIC_EnableIRQ
                0x0800cc78       0x34 ./Debug/stm32f10x_adc.o
 .text.NVIC_DisableIRQ
                0x0800ccac       0x38 ./Debug/stm32f10x_adc.o
 .text.NVIC_GetPendingIRQ
                0x0800cce4       0x4c ./Debug/stm32f10x_adc.o
 .text.NVIC_SetPendingIRQ
                0x0800cd30       0x38 ./Debug/stm32f10x_adc.o
 .text.NVIC_ClearPendingIRQ
                0x0800cd68       0x38 ./Debug/stm32f10x_adc.o
 .text.NVIC_GetActive
                0x0800cda0       0x4c ./Debug/stm32f10x_adc.o
 .text.NVIC_SetPriority
                0x0800cdec       0x58 ./Debug/stm32f10x_adc.o
 .text.NVIC_GetPriority
                0x0800ce44       0x54 ./Debug/stm32f10x_adc.o
 .text.NVIC_EncodePriority
                0x0800ce98       0x78 ./Debug/stm32f10x_adc.o
 .text.NVIC_DecodePriority
                0x0800cf10       0x7c ./Debug/stm32f10x_adc.o
 .text.SysTick_Config
                0x0800cf8c       0x54 ./Debug/stm32f10x_adc.o
 .text.NVIC_SystemReset
                0x0800cfe0       0x24 ./Debug/stm32f10x_adc.o
 .text.ITM_SendChar
                0x0800d004       0x5c ./Debug/stm32f10x_adc.o
 .text.ITM_ReceiveChar
                0x0800d060       0x38 ./Debug/stm32f10x_adc.o
 .text.ITM_CheckChar
                0x0800d098       0x28 ./Debug/stm32f10x_adc.o
 .text.ADC_DeInit
                0x0800d0c0       0x80 ./Debug/stm32f10x_adc.o
                0x0800d0c0                ADC_DeInit
 .text.ADC_Init
                0x0800d140       0xb0 ./Debug/stm32f10x_adc.o
                0x0800d140                ADC_Init
 .text.ADC_StructInit
                0x0800d1f0       0x44 ./Debug/stm32f10x_adc.o
                0x0800d1f0                ADC_StructInit
 .text.ADC_Cmd  0x0800d234       0x38 ./Debug/stm32f10x_adc.o
                0x0800d234                ADC_Cmd
 .text.ADC_DMACmd
                0x0800d26c       0x38 ./Debug/stm32f10x_adc.o
                0x0800d26c                ADC_DMACmd
 .text.ADC_ITConfig